Archive member included because of file (symbol)

libstubs.a(stubs.o)           hello_world.o (printf)

Memory Configuration

Name             Origin             Length             Attributes
*default*        0x00000000         0xffffffff

Linker script and memory map

Address of section .text set to 0x0
LOAD hello_world.o
LOAD libstubs.a
LOAD /rcu2/release/linux-cortexm-1.11.0/tools/arm-2010q1/bin/../lib/gcc/arm-uclinuxeabi/4.4.1/libgcc.a
                0x00008000                PROVIDE (__executable_start, 0x8000)
                0x00008054                . = (0x8000 + SIZEOF_HEADERS)

.interp
 *(.interp)

.note.gnu.build-id
 *(.note.gnu.build-id)

.hash
 *(.hash)

.gnu.hash
 *(.gnu.hash)

.dynsym
 *(.dynsym)

.dynstr
 *(.dynstr)

.gnu.version
 *(.gnu.version)

.gnu.version_d
 *(.gnu.version_d)

.gnu.version_r
 *(.gnu.version_r)

.rel.dyn
 *(.rel.init)
 *(.rel.text .rel.text.* .rel.gnu.linkonce.t.*)
 *(.rel.fini)
 *(.rel.rodata .rel.rodata.* .rel.gnu.linkonce.r.*)
 *(.rel.data.rel.ro* .rel.gnu.linkonce.d.rel.ro.*)
 *(.rel.data .rel.data.* .rel.gnu.linkonce.d.*)
 *(.rel.tdata .rel.tdata.* .rel.gnu.linkonce.td.*)
 *(.rel.tbss .rel.tbss.* .rel.gnu.linkonce.tb.*)
 *(.rel.ctors)
 *(.rel.dtors)
 *(.rel.got)
 *(.rel.bss .rel.bss.* .rel.gnu.linkonce.b.*)
 *(.rel.ifunc)

.rela.dyn
 *(.rela.init)
 *(.rela.text .rela.text.* .rela.gnu.linkonce.t.*)
 *(.rela.fini)
 *(.rela.rodata .rela.rodata.* .rela.gnu.linkonce.r.*)
 *(.rela.data .rela.data.* .rela.gnu.linkonce.d.*)
 *(.rela.tdata .rela.tdata.* .rela.gnu.linkonce.td.*)
 *(.rela.tbss .rela.tbss.* .rela.gnu.linkonce.tb.*)
 *(.rela.ctors)
 *(.rela.dtors)
 *(.rela.got)
 *(.rela.bss .rela.bss.* .rela.gnu.linkonce.b.*)
 *(.rela.ifunc)

.rel.plt        0x00008054        0x0
 *(.rel.plt)
                0x00008054                PROVIDE (__rel_iplt_start, .)
 *(.rel.iplt)
                0x00008054                PROVIDE (__rel_iplt_end, .)

.rela.plt       0x00008054        0x0
 *(.rela.plt)
                0x00008054                PROVIDE (__rela_iplt_start, .)
 *(.rela.iplt)
                0x00008054                PROVIDE (__rela_iplt_end, .)

.init
 *(.init)

.plt
 *(.plt)
 *(.iplt)

.text           0x00000000      0x138
 *(.text .stub .text.* .gnu.linkonce.t.*)
 .text          0x00000000       0x10 hello_world.o
                0x00000000                hello_world
 .text          0x00000010      0x128 libstubs.a(stubs.o)
                0x00000010                dummy
                0x00000010                get_version
                0x00000018                getc
                0x00000020                tstc
                0x00000028                putc
                0x00000030                puts
                0x00000038                printf
                0x00000040                install_hdlr
                0x00000048                free_hdlr
                0x00000050                malloc
                0x00000058                free
                0x00000060                udelay
                0x00000068                get_timer
                0x00000070                vprintf
                0x00000078                do_reset
                0x00000080                getenv
                0x00000088                setenv
                0x00000090                forceenv
                0x00000098                simple_strtoul
                0x000000a0                simple_strtol
                0x000000a8                strcmp
                0x000000b0                i2c_write
                0x000000b8                i2c_read
                0x000000c0                spi_init
                0x000000c8                spi_setup_slave
                0x000000d0                spi_free_slave
                0x000000d8                spi_claim_bus
                0x000000e0                spi_release_bus
                0x000000e8                spi_xfer
                0x000000f4                app_startup
 *(.gnu.warning)
 *(.glue_7t)
 .glue_7t       0x00000000        0x0 linker stubs
 *(.glue_7)
 .glue_7        0x00000000        0x0 linker stubs
 *(.vfp11_veneer)
 .vfp11_veneer  0x00000000        0x0 linker stubs
 *(.v4_bx)
 .v4_bx         0x00000000        0x0 linker stubs

.fini
 *(.fini)
                0x00000138                PROVIDE (__etext, .)
                0x00000138                PROVIDE (_etext, .)
                0x00000138                PROVIDE (etext, .)

.rodata         0x00000138       0x10
 *(.rodata .rodata.* .gnu.linkonce.r.*)
 .rodata.str1.4
                0x00000138       0x10 hello_world.o

.rodata1
 *(.rodata1)

.ARM.extab
 *(.ARM.extab* .gnu.linkonce.armextab.*)
                0x00000148                PROVIDE (__exidx_start, .)

.ARM.exidx
 *(.ARM.exidx* .gnu.linkonce.armexidx.*)
                0x00000148                PROVIDE (__exidx_end, .)

.eh_frame_hdr
 *(.eh_frame_hdr)

.eh_frame
 *(.eh_frame)

.gcc_except_table
 *(.gcc_except_table .gcc_except_table.*)
                0x00000148                . = (ALIGN (0x8000) - ((0x8000 - .) & 0x7fff))
                0x00008148                . = (0x8000 DATA_SEGMENT_ALIGN 0x1000)

.eh_frame
 *(.eh_frame)

.gcc_except_table
 *(.gcc_except_table .gcc_except_table.*)

.tdata
 *(.tdata .tdata.* .gnu.linkonce.td.*)

.tbss
 *(.tbss .tbss.* .gnu.linkonce.tb.*)
 *(.tcommon)

.preinit_array  0x00008148        0x0
                0x00008148                PROVIDE (__preinit_array_start, .)
 *(.preinit_array)
                0x00008148                PROVIDE (__preinit_array_end, .)

.init_array     0x00008148        0x0
                0x00008148                PROVIDE (__init_array_start, .)
 *(SORT(.init_array.*))
 *(.init_array)
                0x00008148                PROVIDE (__init_array_end, .)

.fini_array     0x00008148        0x0
                0x00008148                PROVIDE (__fini_array_start, .)
 *(SORT(.fini_array.*))
 *(.fini_array)
                0x00008148                PROVIDE (__fini_array_end, .)

.ctors
 *crtbegin.o(.ctors)
 *crtbegin?.o(.ctors)
 *(EXCLUDE_FILE(*crtend?.o *crtend.o) .ctors)
 *(SORT(.ctors.*))
 *(.ctors)

.dtors
 *crtbegin.o(.dtors)
 *crtbegin?.o(.dtors)
 *(EXCLUDE_FILE(*crtend?.o *crtend.o) .dtors)
 *(SORT(.dtors.*))
 *(.dtors)

.jcr
 *(.jcr)

.data.rel.ro
 *(.data.rel.ro.local* .gnu.linkonce.d.rel.ro.local.*)
 *(.data.rel.ro* .gnu.linkonce.d.rel.ro.*)

.dynamic
 *(.dynamic)
                0x00008148                . = (. DATA_SEGMENT_RELRO_END 0x0)

.got
 *(.got.plt)
 *(.igot.plt)
 *(.got)
 *(.igot)

.data           0x00008148        0x0
                0x00008148                __data_start = .
 *(.data .data.* .gnu.linkonce.d.*)
 .data          0x00008148        0x0 hello_world.o
 .data          0x00008148        0x0 libstubs.a(stubs.o)

.data1
 *(.data1)
                0x00008148                _edata = .
                0x00008148                PROVIDE (edata, .)
                0x00008148                __bss_start = .
                0x00008148                __bss_start__ = .

.bss            0x00008148        0x0
 *(.dynbss)
 *(.bss .bss.* .gnu.linkonce.b.*)
 .bss           0x00008148        0x0 hello_world.o
 .bss           0x00008148        0x0 libstubs.a(stubs.o)
 *(COMMON)
                0x00008148                . = ALIGN ((. != 0x0)?0x4:0x1)
                0x00008148                _bss_end__ = .
                0x00008148                __bss_end__ = .
                0x00008148                . = ALIGN (0x4)
                0x00008148                . = ALIGN (0x4)
                0x00008148                __end__ = .
                0x00008148                _end = .
                0x00008148                PROVIDE (end, .)
                0x00008148                . = DATA_SEGMENT_END (.)

.stab
 *(.stab)

.stabstr
 *(.stabstr)

.stab.excl
 *(.stab.excl)

.stab.exclstr
 *(.stab.exclstr)

.stab.index
 *(.stab.index)

.stab.indexstr
 *(.stab.indexstr)

.ARM.attributes
                0x00000000       0x31
 .ARM.attributes
                0x00000000       0x31 hello_world.o
 .ARM.attributes
                0x00000031       0x31 libstubs.a(stubs.o)

.comment        0x00000000       0x56
 *(.comment)
 .comment       0x00000000       0x2b hello_world.o
 .comment       0x0000002b       0x2b libstubs.a(stubs.o)

.debug
 *(.debug)

.line
 *(.line)

.debug_srcinfo
 *(.debug_srcinfo)

.debug_sfnames
 *(.debug_sfnames)

.debug_aranges  0x00000000       0x40
 *(.debug_aranges)
 .debug_aranges
                0x00000000       0x20 hello_world.o
 .debug_aranges
                0x00000020       0x20 libstubs.a(stubs.o)

.debug_pubnames
                0x00000000       0x4e
 *(.debug_pubnames)
 .debug_pubnames
                0x00000000       0x22 hello_world.o
 .debug_pubnames
                0x00000022       0x2c libstubs.a(stubs.o)

.debug_info     0x00000000      0x276
 *(.debug_info .gnu.linkonce.wi.*)
 .debug_info    0x00000000       0xd5 hello_world.o
 .debug_info    0x000000d5      0x1a1 libstubs.a(stubs.o)

.debug_abbrev   0x00000000      0x125
 *(.debug_abbrev)
 .debug_abbrev  0x00000000       0x78 hello_world.o
 .debug_abbrev  0x00000078       0xad libstubs.a(stubs.o)

.debug_line     0x00000000       0xf4
 *(.debug_line)
 .debug_line    0x00000000       0x43 hello_world.o
 .debug_line    0x00000043       0xb1 libstubs.a(stubs.o)

.debug_frame    0x00000000       0x58
 *(.debug_frame)
 .debug_frame   0x00000000       0x28 hello_world.o
 .debug_frame   0x00000028       0x30 libstubs.a(stubs.o)

.debug_str      0x00000000      0x249
 *(.debug_str)
 .debug_str     0x00000000       0xba hello_world.o
                                 0xf3 (size before relaxing)
 .debug_str     0x000000ba      0x18f libstubs.a(stubs.o)
                                0x263 (size before relaxing)

.debug_loc      0x00000000       0x76
 *(.debug_loc)
 .debug_loc     0x00000000       0x45 hello_world.o
 .debug_loc     0x00000045       0x31 libstubs.a(stubs.o)

.debug_macinfo
 *(.debug_macinfo)

.debug_weaknames
 *(.debug_weaknames)

.debug_funcnames
 *(.debug_funcnames)

.debug_typenames
 *(.debug_typenames)

.debug_varnames
 *(.debug_varnames)

.debug_pubtypes
 *(.debug_pubtypes)

.debug_ranges
 *(.debug_ranges)

.gnu.attributes
 *(.gnu.attributes)

.note.gnu.arm.ident
 *(.note.gnu.arm.ident)

/DISCARD/
 *(.note.GNU-stack)
 *(.gnu_debuglink)
OUTPUT(hello_world elf32-littlearm)
