Archive member included because of file (symbol)

lib_generic/libgeneric.a(string.o)
                              cpu/arm_cortexm3/start.o (memset)
cpu/arm_cortexm3/libarm_cortexm3.a(cpu.o)
                              cpu/arm_cortexm3/start.o (cortex_m3_irq_vec_get)
cpu/arm_cortexm3/libarm_cortexm3.a(timer.o)
                              cpu/arm_cortexm3/libarm_cortexm3.a(cpu.o) (timer_init)
cpu/arm_cortexm3/m2s/libm2s.a(clock.o)
                              cpu/arm_cortexm3/libarm_cortexm3.a(cpu.o) (clock_init)
cpu/arm_cortexm3/m2s/libm2s.a(envm.o)
                              cpu/arm_cortexm3/libarm_cortexm3.a(cpu.o) (envm_init)
cpu/arm_cortexm3/m2s/libm2s.a(soc.o)
                              cpu/arm_cortexm3/libarm_cortexm3.a(cpu.o) (cortex_m3_soc_init)
lib_arm/libarm.a(board.o)     cpu/arm_cortexm3/start.o (start_armboot)
lib_arm/libarm.a(interrupts.o)
                              lib_arm/libarm.a(board.o) (enable_interrupts)
net/libnet.a(eth.o)           lib_arm/libarm.a(board.o) (eth_initialize)
net/libnet.a(net.o)           lib_arm/libarm.a(board.o) (copy_filename)
net/libnet.a(rarp.o)          net/libnet.a(net.o) (RarpRequest)
net/libnet.a(tftp.o)          net/libnet.a(net.o) (TftpStart)
net/libnet.a(bootp.o)         net/libnet.a(net.o) (BootpRequest)
drivers/serial/libserial.a(serial.o)
                              lib_arm/libarm.a(board.o) (serial_init)
drivers/serial/libserial.a(ns16550.o)
                              drivers/serial/libserial.a(serial.o) (NS16550_init)
common/libcommon.a(cmd_bootm.o)
                              lib_arm/libarm.a(board.o) (load_addr)
common/libcommon.a(cmd_nvedit.o)
                              net/libnet.a(eth.o) (get_env_id)
common/libcommon.a(command.o)
                              common/libcommon.a(cmd_bootm.o) (cmd_usage)
common/libcommon.a(console.o)
                              cpu/arm_cortexm3/start.o (printf)
common/libcommon.a(dlmalloc.o)
                              lib_generic/libgeneric.a(string.o) (malloc)
common/libcommon.a(env_common.o)
                              common/libcommon.a(cmd_nvedit.o) (env_get_addr)
common/libcommon.a(env_sf.o)  common/libcommon.a(env_common.o) (env_get_char_spec)
common/libcommon.a(exports.o)
                              lib_arm/libarm.a(board.o) (jumptable_init)
common/libcommon.a(image.o)   common/libcommon.a(cmd_bootm.o) (genimg_get_os_name)
common/libcommon.a(main.o)    common/libcommon.a(cmd_nvedit.o) (do_run)
common/libcommon.a(miiphyutil.o)
                              net/libnet.a(eth.o) (miiphy_init)
common/libcommon.a(stdio.o)   common/libcommon.a(console.o) (stdio_get_list)
board/emcraft/m2s-som/libm2s-som.a(board.o)
                              lib_arm/libarm.a(board.o) (board_init)
lib_generic/libgeneric.a(crc32.o)
                              common/libcommon.a(env_common.o) (crc32)
lib_generic/libgeneric.a(display_options.o)
                              lib_arm/libarm.a(board.o) (print_size)
lib_generic/libgeneric.a(gunzip.o)
                              common/libcommon.a(cmd_bootm.o) (gunzip)
lib_generic/libgeneric.a(net_utils.o)
                              lib_arm/libarm.a(board.o) (string_to_ip)
lib_generic/libgeneric.a(time.o)
                              common/libcommon.a(cmd_nvedit.o) (udelay)
lib_generic/libgeneric.a(vsprintf.o)
                              lib_arm/libarm.a(board.o) (simple_strtoul)
lib_generic/libgeneric.a(zlib.o)
                              lib_generic/libgeneric.a(gunzip.o) (inflateInit2_)
lib_generic/libgeneric.a(ctype.o)
                              lib_generic/libgeneric.a(display_options.o) (_ctype)
lib_generic/libgeneric.a(div64.o)
                              lib_generic/libgeneric.a(vsprintf.o) (__div64_32)
cpu/arm_cortexm3/m2s/libm2s.a(cpu.o)
                              lib_arm/libarm.a(board.o) (print_cpuinfo)
lib_arm/libarm.a(bootm.o)     common/libcommon.a(cmd_bootm.o) (do_bootm_linux)
lib_arm/libarm.a(reset.o)     common/libcommon.a(cmd_bootm.o) (do_reset)
drivers/mtd/spi/libspi_flash.a(spi_flash.o)
                              common/libcommon.a(env_sf.o) (spi_flash_free)
drivers/mtd/spi/libspi_flash.a(spansion.o)
                              drivers/mtd/spi/libspi_flash.a(spi_flash.o) (spi_flash_probe_spansion)
drivers/mtd/spi/libspi_flash.a(stmicro.o)
                              drivers/mtd/spi/libspi_flash.a(spi_flash.o) (spi_flash_probe_stmicro)
drivers/mtd/spi/libspi_flash.a(winbond.o)
                              drivers/mtd/spi/libspi_flash.a(spi_flash.o) (spi_flash_probe_winbond)
drivers/net/libnet.a(m2s_eth.o)
                              board/emcraft/m2s-som/libm2s-som.a(board.o) (m2s_eth_driver_init)
drivers/spi/libspi.a(m2s_spi.o)
                              drivers/mtd/spi/libspi_flash.a(spi_flash.o) (spi_claim_bus)
lib_generic/libgeneric.a(strmhz.o)
                              cpu/arm_cortexm3/m2s/libm2s.a(cpu.o) (strmhz)
/rcu2/release/linux-cortexm-1.11.0/tools/arm-2010q1/bin/../lib/gcc/arm-uclinuxeabi/4.4.1/thumb2/libgcc.a(_aeabi_uldivmod.o)
                              cpu/arm_cortexm3/libarm_cortexm3.a(timer.o) (__aeabi_uldivmod)
/rcu2/release/linux-cortexm-1.11.0/tools/arm-2010q1/bin/../lib/gcc/arm-uclinuxeabi/4.4.1/thumb2/libgcc.a(bpabi.o)
                              /rcu2/release/linux-cortexm-1.11.0/tools/arm-2010q1/bin/../lib/gcc/arm-uclinuxeabi/4.4.1/thumb2/libgcc.a(_aeabi_uldivmod.o) (__gnu_uldivmod_helper)
/rcu2/release/linux-cortexm-1.11.0/tools/arm-2010q1/bin/../lib/gcc/arm-uclinuxeabi/4.4.1/thumb2/libgcc.a(_dvmd_tls.o)
                              /rcu2/release/linux-cortexm-1.11.0/tools/arm-2010q1/bin/../lib/gcc/arm-uclinuxeabi/4.4.1/thumb2/libgcc.a(_aeabi_uldivmod.o) (__aeabi_ldiv0)
/rcu2/release/linux-cortexm-1.11.0/tools/arm-2010q1/bin/../lib/gcc/arm-uclinuxeabi/4.4.1/thumb2/libgcc.a(_divdi3.o)
                              /rcu2/release/linux-cortexm-1.11.0/tools/arm-2010q1/bin/../lib/gcc/arm-uclinuxeabi/4.4.1/thumb2/libgcc.a(bpabi.o) (__divdi3)
/rcu2/release/linux-cortexm-1.11.0/tools/arm-2010q1/bin/../lib/gcc/arm-uclinuxeabi/4.4.1/thumb2/libgcc.a(_udivdi3.o)
                              /rcu2/release/linux-cortexm-1.11.0/tools/arm-2010q1/bin/../lib/gcc/arm-uclinuxeabi/4.4.1/thumb2/libgcc.a(bpabi.o) (__udivdi3)
/rcu2/release/linux-cortexm-1.11.0/tools/arm-2010q1/bin/../lib/gcc/arm-uclinuxeabi/4.4.1/thumb2/libgcc.a(_udivsi3.o)
                              /rcu2/release/linux-cortexm-1.11.0/tools/arm-2010q1/bin/../lib/gcc/arm-uclinuxeabi/4.4.1/thumb2/libgcc.a(_divdi3.o) (__aeabi_uidiv)

Discarded input sections

 .debug_abbrev  0x00000000      0x12e cpu/arm_cortexm3/start.o
 .debug_info    0x00000000      0x1cf cpu/arm_cortexm3/start.o
 .debug_line    0x00000000       0x68 cpu/arm_cortexm3/start.o
 .debug_loc     0x00000000       0x5c cpu/arm_cortexm3/start.o
 .debug_pubnames
                0x00000000       0x4c cpu/arm_cortexm3/start.o
 .debug_aranges
                0x00000000       0x20 cpu/arm_cortexm3/start.o
 .debug_str     0x00000000      0x129 cpu/arm_cortexm3/start.o
 .comment       0x00000000       0x2b cpu/arm_cortexm3/start.o
 .ARM.attributes
                0x00000000       0x31 cpu/arm_cortexm3/start.o
 .debug_frame   0x00000000       0x74 cpu/arm_cortexm3/start.o
 .debug_abbrev  0x00000000      0x2de lib_generic/libgeneric.a(string.o)
 .debug_info    0x00000000      0xaf8 lib_generic/libgeneric.a(string.o)
 .debug_line    0x00000000      0x2af lib_generic/libgeneric.a(string.o)
 .debug_loc     0x00000000      0xb95 lib_generic/libgeneric.a(string.o)
 .debug_pubnames
                0x00000000      0x130 lib_generic/libgeneric.a(string.o)
 .debug_aranges
                0x00000000       0x20 lib_generic/libgeneric.a(string.o)
 .debug_ranges  0x00000000      0x148 lib_generic/libgeneric.a(string.o)
 .debug_str     0x00000000      0x1d6 lib_generic/libgeneric.a(string.o)
 .comment       0x00000000       0x2b lib_generic/libgeneric.a(string.o)
 .ARM.attributes
                0x00000000       0x31 lib_generic/libgeneric.a(string.o)
 .debug_frame   0x00000000      0x248 lib_generic/libgeneric.a(string.o)
 .debug_abbrev  0x00000000      0x188 cpu/arm_cortexm3/libarm_cortexm3.a(cpu.o)
 .debug_info    0x00000000      0x3ef cpu/arm_cortexm3/libarm_cortexm3.a(cpu.o)
 .debug_line    0x00000000      0x162 cpu/arm_cortexm3/libarm_cortexm3.a(cpu.o)
 .debug_loc     0x00000000       0x45 cpu/arm_cortexm3/libarm_cortexm3.a(cpu.o)
 .debug_pubnames
                0x00000000       0xc0 cpu/arm_cortexm3/libarm_cortexm3.a(cpu.o)
 .debug_aranges
                0x00000000       0x28 cpu/arm_cortexm3/libarm_cortexm3.a(cpu.o)
 .debug_ranges  0x00000000       0x78 cpu/arm_cortexm3/libarm_cortexm3.a(cpu.o)
 .debug_str     0x00000000      0x27e cpu/arm_cortexm3/libarm_cortexm3.a(cpu.o)
 .comment       0x00000000       0x2b cpu/arm_cortexm3/libarm_cortexm3.a(cpu.o)
 .ARM.attributes
                0x00000000       0x31 cpu/arm_cortexm3/libarm_cortexm3.a(cpu.o)
 .debug_frame   0x00000000       0x88 cpu/arm_cortexm3/libarm_cortexm3.a(cpu.o)
 .debug_abbrev  0x00000000      0x13e cpu/arm_cortexm3/libarm_cortexm3.a(timer.o)
 .debug_info    0x00000000      0x23e cpu/arm_cortexm3/libarm_cortexm3.a(timer.o)
 .debug_line    0x00000000      0x17f cpu/arm_cortexm3/libarm_cortexm3.a(timer.o)
 .debug_loc     0x00000000       0xca cpu/arm_cortexm3/libarm_cortexm3.a(timer.o)
 .debug_pubnames
                0x00000000       0x5a cpu/arm_cortexm3/libarm_cortexm3.a(timer.o)
 .debug_aranges
                0x00000000       0x20 cpu/arm_cortexm3/libarm_cortexm3.a(timer.o)
 .debug_str     0x00000000      0x1af cpu/arm_cortexm3/libarm_cortexm3.a(timer.o)
 .comment       0x00000000       0x2b cpu/arm_cortexm3/libarm_cortexm3.a(timer.o)
 .ARM.attributes
                0x00000000       0x31 cpu/arm_cortexm3/libarm_cortexm3.a(timer.o)
 .debug_frame   0x00000000       0x80 cpu/arm_cortexm3/libarm_cortexm3.a(timer.o)
 .debug_abbrev  0x00000000      0x18b cpu/arm_cortexm3/m2s/libm2s.a(clock.o)
 .debug_info    0x00000000      0x5cd cpu/arm_cortexm3/m2s/libm2s.a(clock.o)
 .debug_line    0x00000000      0x19a cpu/arm_cortexm3/m2s/libm2s.a(clock.o)
 .debug_loc     0x00000000      0x1ce cpu/arm_cortexm3/m2s/libm2s.a(clock.o)
 .debug_pubnames
                0x00000000       0x2f cpu/arm_cortexm3/m2s/libm2s.a(clock.o)
 .debug_aranges
                0x00000000       0x20 cpu/arm_cortexm3/m2s/libm2s.a(clock.o)
 .debug_ranges  0x00000000      0x2b0 cpu/arm_cortexm3/m2s/libm2s.a(clock.o)
 .debug_str     0x00000000      0x3ed cpu/arm_cortexm3/m2s/libm2s.a(clock.o)
 .comment       0x00000000       0x2b cpu/arm_cortexm3/m2s/libm2s.a(clock.o)
 .ARM.attributes
                0x00000000       0x31 cpu/arm_cortexm3/m2s/libm2s.a(clock.o)
 .debug_frame   0x00000000       0x38 cpu/arm_cortexm3/m2s/libm2s.a(clock.o)
 .debug_abbrev  0x00000000      0x105 cpu/arm_cortexm3/m2s/libm2s.a(envm.o)
 .debug_info    0x00000000      0x2cb cpu/arm_cortexm3/m2s/libm2s.a(envm.o)
 .debug_line    0x00000000       0x7e cpu/arm_cortexm3/m2s/libm2s.a(envm.o)
 .debug_loc     0x00000000      0x13a cpu/arm_cortexm3/m2s/libm2s.a(envm.o)
 .debug_pubnames
                0x00000000       0x48 cpu/arm_cortexm3/m2s/libm2s.a(envm.o)
 .debug_aranges
                0x00000000       0x30 cpu/arm_cortexm3/m2s/libm2s.a(envm.o)
 .debug_ranges  0x00000000       0x28 cpu/arm_cortexm3/m2s/libm2s.a(envm.o)
 .debug_str     0x00000000      0x21e cpu/arm_cortexm3/m2s/libm2s.a(envm.o)
 .comment       0x00000000       0x2b cpu/arm_cortexm3/m2s/libm2s.a(envm.o)
 .ARM.attributes
                0x00000000       0x31 cpu/arm_cortexm3/m2s/libm2s.a(envm.o)
 .debug_frame   0x00000000       0x68 cpu/arm_cortexm3/m2s/libm2s.a(envm.o)
 .debug_abbrev  0x00000000       0x96 cpu/arm_cortexm3/m2s/libm2s.a(soc.o)
 .debug_info    0x00000000      0x316 cpu/arm_cortexm3/m2s/libm2s.a(soc.o)
 .debug_line    0x00000000       0x84 cpu/arm_cortexm3/m2s/libm2s.a(soc.o)
 .debug_pubnames
                0x00000000       0x29 cpu/arm_cortexm3/m2s/libm2s.a(soc.o)
 .debug_aranges
                0x00000000       0x20 cpu/arm_cortexm3/m2s/libm2s.a(soc.o)
 .debug_str     0x00000000      0x366 cpu/arm_cortexm3/m2s/libm2s.a(soc.o)
 .comment       0x00000000       0x2b cpu/arm_cortexm3/m2s/libm2s.a(soc.o)
 .ARM.attributes
                0x00000000       0x31 cpu/arm_cortexm3/m2s/libm2s.a(soc.o)
 .debug_frame   0x00000000       0x20 cpu/arm_cortexm3/m2s/libm2s.a(soc.o)
 .debug_abbrev  0x00000000      0x1e8 lib_arm/libarm.a(board.o)
 .debug_info    0x00000000      0x462 lib_arm/libarm.a(board.o)
 .debug_line    0x00000000      0x193 lib_arm/libarm.a(board.o)
 .debug_loc     0x00000000       0xc6 lib_arm/libarm.a(board.o)
 .debug_pubnames
                0x00000000      0x11f lib_arm/libarm.a(board.o)
 .debug_aranges
                0x00000000       0x20 lib_arm/libarm.a(board.o)
 .debug_ranges  0x00000000       0x18 lib_arm/libarm.a(board.o)
 .debug_str     0x00000000      0x2de lib_arm/libarm.a(board.o)
 .comment       0x00000000       0x2b lib_arm/libarm.a(board.o)
 .ARM.attributes
                0x00000000       0x31 lib_arm/libarm.a(board.o)
 .debug_frame   0x00000000      0x124 lib_arm/libarm.a(board.o)
 .debug_abbrev  0x00000000      0x10d lib_arm/libarm.a(interrupts.o)
 .debug_info    0x00000000      0x263 lib_arm/libarm.a(interrupts.o)
 .debug_line    0x00000000       0xdb lib_arm/libarm.a(interrupts.o)
 .debug_loc     0x00000000      0x227 lib_arm/libarm.a(interrupts.o)
 .debug_pubnames
                0x00000000       0xdf lib_arm/libarm.a(interrupts.o)
 .debug_aranges
                0x00000000       0x20 lib_arm/libarm.a(interrupts.o)
 .debug_str     0x00000000      0x19a lib_arm/libarm.a(interrupts.o)
 .comment       0x00000000       0x2b lib_arm/libarm.a(interrupts.o)
 .ARM.attributes
                0x00000000       0x31 lib_arm/libarm.a(interrupts.o)
 .debug_frame   0x00000000      0x110 lib_arm/libarm.a(interrupts.o)
 .debug_abbrev  0x00000000      0x310 net/libnet.a(eth.o)
 .debug_info    0x00000000      0x875 net/libnet.a(eth.o)
 .debug_line    0x00000000      0x26f net/libnet.a(eth.o)
 .debug_loc     0x00000000      0x70f net/libnet.a(eth.o)
 .debug_pubnames
                0x00000000      0x160 net/libnet.a(eth.o)
 .debug_aranges
                0x00000000       0x20 net/libnet.a(eth.o)
 .debug_ranges  0x00000000       0x88 net/libnet.a(eth.o)
 .debug_str     0x00000000      0x3d8 net/libnet.a(eth.o)
 .comment       0x00000000       0x2b net/libnet.a(eth.o)
 .ARM.attributes
                0x00000000       0x31 net/libnet.a(eth.o)
 .debug_frame   0x00000000      0x1dc net/libnet.a(eth.o)
 .debug_abbrev  0x00000000      0x460 net/libnet.a(net.o)
 .debug_info    0x00000000     0x1504 net/libnet.a(net.o)
 .debug_line    0x00000000      0x5ab net/libnet.a(net.o)
 .debug_loc     0x00000000      0xa88 net/libnet.a(net.o)
 .debug_pubnames
                0x00000000      0x3c3 net/libnet.a(net.o)
 .debug_aranges
                0x00000000       0x20 net/libnet.a(net.o)
 .debug_ranges  0x00000000      0x1f8 net/libnet.a(net.o)
 .debug_str     0x00000000      0x7d7 net/libnet.a(net.o)
 .comment       0x00000000       0x2b net/libnet.a(net.o)
 .ARM.attributes
                0x00000000       0x31 net/libnet.a(net.o)
 .debug_frame   0x00000000      0x244 net/libnet.a(net.o)
 .debug_abbrev  0x00000000      0x11e net/libnet.a(rarp.o)
 .debug_info    0x00000000      0x251 net/libnet.a(rarp.o)
 .debug_line    0x00000000       0xf1 net/libnet.a(rarp.o)
 .debug_loc     0x00000000       0xe5 net/libnet.a(rarp.o)
 .debug_pubnames
                0x00000000       0x2e net/libnet.a(rarp.o)
 .debug_aranges
                0x00000000       0x20 net/libnet.a(rarp.o)
 .debug_str     0x00000000      0x196 net/libnet.a(rarp.o)
 .comment       0x00000000       0x2b net/libnet.a(rarp.o)
 .ARM.attributes
                0x00000000       0x31 net/libnet.a(rarp.o)
 .debug_frame   0x00000000       0x64 net/libnet.a(rarp.o)
 .debug_abbrev  0x00000000      0x234 net/libnet.a(tftp.o)
 .debug_info    0x00000000      0x516 net/libnet.a(tftp.o)
 .debug_line    0x00000000      0x2cf net/libnet.a(tftp.o)
 .debug_loc     0x00000000      0x2dc net/libnet.a(tftp.o)
 .debug_pubnames
                0x00000000       0x53 net/libnet.a(tftp.o)
 .debug_aranges
                0x00000000       0x20 net/libnet.a(tftp.o)
 .debug_ranges  0x00000000       0x48 net/libnet.a(tftp.o)
 .debug_str     0x00000000      0x39f net/libnet.a(tftp.o)
 .comment       0x00000000       0x2b net/libnet.a(tftp.o)
 .ARM.attributes
                0x00000000       0x31 net/libnet.a(tftp.o)
 .debug_frame   0x00000000       0x94 net/libnet.a(tftp.o)
 .debug_abbrev  0x00000000      0x2b5 net/libnet.a(bootp.o)
 .debug_info    0x00000000      0x9f7 net/libnet.a(bootp.o)
 .debug_line    0x00000000      0x2a0 net/libnet.a(bootp.o)
 .debug_loc     0x00000000      0x2f8 net/libnet.a(bootp.o)
 .debug_pubnames
                0x00000000       0x3c net/libnet.a(bootp.o)
 .debug_aranges
                0x00000000       0x20 net/libnet.a(bootp.o)
 .debug_ranges  0x00000000      0x1f8 net/libnet.a(bootp.o)
 .debug_str     0x00000000      0x3cf net/libnet.a(bootp.o)
 .comment       0x00000000       0x2b net/libnet.a(bootp.o)
 .ARM.attributes
                0x00000000       0x31 net/libnet.a(bootp.o)
 .debug_frame   0x00000000       0x78 net/libnet.a(bootp.o)
 .debug_abbrev  0x00000000      0x1ea drivers/serial/libserial.a(serial.o)
 .debug_info    0x00000000      0x6ee drivers/serial/libserial.a(serial.o)
 .debug_line    0x00000000      0x1b0 drivers/serial/libserial.a(serial.o)
 .debug_loc     0x00000000      0x20e drivers/serial/libserial.a(serial.o)
 .debug_pubnames
                0x00000000       0xfb drivers/serial/libserial.a(serial.o)
 .debug_aranges
                0x00000000       0x20 drivers/serial/libserial.a(serial.o)
 .debug_str     0x00000000      0x40c drivers/serial/libserial.a(serial.o)
 .comment       0x00000000       0x2b drivers/serial/libserial.a(serial.o)
 .ARM.attributes
                0x00000000       0x31 drivers/serial/libserial.a(serial.o)
 .debug_frame   0x00000000      0x128 drivers/serial/libserial.a(serial.o)
 .debug_abbrev  0x00000000      0x11c drivers/serial/libserial.a(ns16550.o)
 .debug_info    0x00000000      0x395 drivers/serial/libserial.a(ns16550.o)
 .debug_line    0x00000000       0xb0 drivers/serial/libserial.a(ns16550.o)
 .debug_loc     0x00000000       0x9d drivers/serial/libserial.a(ns16550.o)
 .debug_pubnames
                0x00000000       0x69 drivers/serial/libserial.a(ns16550.o)
 .debug_aranges
                0x00000000       0x20 drivers/serial/libserial.a(ns16550.o)
 .debug_str     0x00000000      0x205 drivers/serial/libserial.a(ns16550.o)
 .comment       0x00000000       0x2b drivers/serial/libserial.a(ns16550.o)
 .ARM.attributes
                0x00000000       0x31 drivers/serial/libserial.a(ns16550.o)
 .debug_frame   0x00000000       0x70 drivers/serial/libserial.a(ns16550.o)
 .debug_abbrev  0x00000000      0x351 common/libcommon.a(cmd_bootm.o)
 .debug_info    0x00000000     0x10c9 common/libcommon.a(cmd_bootm.o)
 .debug_line    0x00000000      0x3eb common/libcommon.a(cmd_bootm.o)
 .debug_loc     0x00000000      0x7a1 common/libcommon.a(cmd_bootm.o)
 .debug_pubnames
                0x00000000       0x8b common/libcommon.a(cmd_bootm.o)
 .debug_aranges
                0x00000000       0x20 common/libcommon.a(cmd_bootm.o)
 .debug_ranges  0x00000000      0x168 common/libcommon.a(cmd_bootm.o)
 .debug_str     0x00000000      0x62b common/libcommon.a(cmd_bootm.o)
 .comment       0x00000000       0x2b common/libcommon.a(cmd_bootm.o)
 .ARM.attributes
                0x00000000       0x31 common/libcommon.a(cmd_bootm.o)
 .debug_frame   0x00000000      0x100 common/libcommon.a(cmd_bootm.o)
 .debug_abbrev  0x00000000      0x270 common/libcommon.a(cmd_nvedit.o)
 .debug_info    0x00000000      0x869 common/libcommon.a(cmd_nvedit.o)
 .debug_line    0x00000000      0x310 common/libcommon.a(cmd_nvedit.o)
 .debug_loc     0x00000000      0x91b common/libcommon.a(cmd_nvedit.o)
 .debug_pubnames
                0x00000000       0xf4 common/libcommon.a(cmd_nvedit.o)
 .debug_aranges
                0x00000000       0x20 common/libcommon.a(cmd_nvedit.o)
 .debug_ranges  0x00000000       0xe0 common/libcommon.a(cmd_nvedit.o)
 .debug_str     0x00000000      0x313 common/libcommon.a(cmd_nvedit.o)
 .comment       0x00000000       0x2b common/libcommon.a(cmd_nvedit.o)
 .ARM.attributes
                0x00000000       0x31 common/libcommon.a(cmd_nvedit.o)
 .debug_frame   0x00000000      0x13c common/libcommon.a(cmd_nvedit.o)
 .debug_abbrev  0x00000000      0x1dc common/libcommon.a(command.o)
 .debug_info    0x00000000      0x3ac common/libcommon.a(command.o)
 .debug_line    0x00000000      0x196 common/libcommon.a(command.o)
 .debug_loc     0x00000000      0x585 common/libcommon.a(command.o)
 .debug_pubnames
                0x00000000       0x61 common/libcommon.a(command.o)
 .debug_aranges
                0x00000000       0x20 common/libcommon.a(command.o)
 .debug_ranges  0x00000000       0xe0 common/libcommon.a(command.o)
 .debug_str     0x00000000      0x1cc common/libcommon.a(command.o)
 .comment       0x00000000       0x2b common/libcommon.a(command.o)
 .ARM.attributes
                0x00000000       0x31 common/libcommon.a(command.o)
 .debug_frame   0x00000000       0xa8 common/libcommon.a(command.o)
 .debug_abbrev  0x00000000      0x39a common/libcommon.a(console.o)
 .debug_info    0x00000000      0xa74 common/libcommon.a(console.o)
 .debug_line    0x00000000      0x2ad common/libcommon.a(console.o)
 .debug_loc     0x00000000      0x598 common/libcommon.a(console.o)
 .debug_pubnames
                0x00000000      0x147 common/libcommon.a(console.o)
 .debug_aranges
                0x00000000       0x20 common/libcommon.a(console.o)
 .debug_str     0x00000000      0x4ea common/libcommon.a(console.o)
 .comment       0x00000000       0x2b common/libcommon.a(console.o)
 .ARM.attributes
                0x00000000       0x31 common/libcommon.a(console.o)
 .debug_frame   0x00000000      0x238 common/libcommon.a(console.o)
 .debug_abbrev  0x00000000      0x2e8 common/libcommon.a(dlmalloc.o)
 .debug_info    0x00000000      0xd53 common/libcommon.a(dlmalloc.o)
 .debug_line    0x00000000      0x463 common/libcommon.a(dlmalloc.o)
 .debug_loc     0x00000000     0x1508 common/libcommon.a(dlmalloc.o)
 .debug_pubnames
                0x00000000       0xfd common/libcommon.a(dlmalloc.o)
 .debug_aranges
                0x00000000       0x20 common/libcommon.a(dlmalloc.o)
 .debug_ranges  0x00000000      0x198 common/libcommon.a(dlmalloc.o)
 .debug_str     0x00000000      0x4e8 common/libcommon.a(dlmalloc.o)
 .comment       0x00000000       0x2b common/libcommon.a(dlmalloc.o)
 .ARM.attributes
                0x00000000       0x31 common/libcommon.a(dlmalloc.o)
 .debug_frame   0x00000000      0x150 common/libcommon.a(dlmalloc.o)
 .debug_abbrev  0x00000000      0x1c9 common/libcommon.a(env_common.o)
 .debug_info    0x00000000      0x3b3 common/libcommon.a(env_common.o)
 .debug_line    0x00000000      0x16b common/libcommon.a(env_common.o)
 .debug_loc     0x00000000       0xe0 common/libcommon.a(env_common.o)
 .debug_pubnames
                0x00000000       0xa3 common/libcommon.a(env_common.o)
 .debug_aranges
                0x00000000       0x20 common/libcommon.a(env_common.o)
 .debug_ranges  0x00000000       0x48 common/libcommon.a(env_common.o)
 .debug_str     0x00000000      0x235 common/libcommon.a(env_common.o)
 .comment       0x00000000       0x2b common/libcommon.a(env_common.o)
 .ARM.attributes
                0x00000000       0x31 common/libcommon.a(env_common.o)
 .debug_frame   0x00000000       0x88 common/libcommon.a(env_common.o)
 .debug_abbrev  0x00000000      0x241 common/libcommon.a(env_sf.o)
 .debug_info    0x00000000      0x658 common/libcommon.a(env_sf.o)
 .debug_line    0x00000000      0x199 common/libcommon.a(env_sf.o)
 .debug_loc     0x00000000       0x6f common/libcommon.a(env_sf.o)
 .debug_pubnames
                0x00000000       0x7c common/libcommon.a(env_sf.o)
 .debug_aranges
                0x00000000       0x20 common/libcommon.a(env_sf.o)
 .debug_str     0x00000000      0x2db common/libcommon.a(env_sf.o)
 .comment       0x00000000       0x2b common/libcommon.a(env_sf.o)
 .ARM.attributes
                0x00000000       0x31 common/libcommon.a(env_sf.o)
 .debug_frame   0x00000000       0x68 common/libcommon.a(env_sf.o)
 .debug_abbrev  0x00000000      0x112 common/libcommon.a(exports.o)
 .debug_info    0x00000000      0x2cf common/libcommon.a(exports.o)
 .debug_line    0x00000000      0x1ad common/libcommon.a(exports.o)
 .debug_loc     0x00000000       0x2c common/libcommon.a(exports.o)
 .debug_pubnames
                0x00000000       0x3c common/libcommon.a(exports.o)
 .debug_aranges
                0x00000000       0x20 common/libcommon.a(exports.o)
 .debug_str     0x00000000      0x309 common/libcommon.a(exports.o)
 .comment       0x00000000       0x2b common/libcommon.a(exports.o)
 .ARM.attributes
                0x00000000       0x31 common/libcommon.a(exports.o)
 .debug_frame   0x00000000       0x58 common/libcommon.a(exports.o)
 .debug_abbrev  0x00000000      0x3d9 common/libcommon.a(image.o)
 .debug_info    0x00000000     0x1671 common/libcommon.a(image.o)
 .debug_line    0x00000000      0x420 common/libcommon.a(image.o)
 .debug_loc     0x00000000      0x960 common/libcommon.a(image.o)
 .debug_pubnames
                0x00000000      0x22c common/libcommon.a(image.o)
 .debug_aranges
                0x00000000       0x20 common/libcommon.a(image.o)
 .debug_ranges  0x00000000      0x278 common/libcommon.a(image.o)
 .debug_str     0x00000000      0x722 common/libcommon.a(image.o)
 .comment       0x00000000       0x2b common/libcommon.a(image.o)
 .ARM.attributes
                0x00000000       0x31 common/libcommon.a(image.o)
 .debug_frame   0x00000000      0x21c common/libcommon.a(image.o)
 .debug_abbrev  0x00000000      0x260 common/libcommon.a(main.o)
 .debug_info    0x00000000      0x6af common/libcommon.a(main.o)
 .debug_line    0x00000000      0x28a common/libcommon.a(main.o)
 .debug_loc     0x00000000      0xb0b common/libcommon.a(main.o)
 .debug_pubnames
                0x00000000       0x9c common/libcommon.a(main.o)
 .debug_aranges
                0x00000000       0x20 common/libcommon.a(main.o)
 .debug_ranges  0x00000000       0xb0 common/libcommon.a(main.o)
 .debug_str     0x00000000      0x266 common/libcommon.a(main.o)
 .comment       0x00000000       0x2b common/libcommon.a(main.o)
 .ARM.attributes
                0x00000000       0x31 common/libcommon.a(main.o)
 .debug_frame   0x00000000      0x100 common/libcommon.a(main.o)
 .debug_abbrev  0x00000000      0x222 common/libcommon.a(miiphyutil.o)
 .debug_info    0x00000000      0x705 common/libcommon.a(miiphyutil.o)
 .debug_line    0x00000000      0x1fb common/libcommon.a(miiphyutil.o)
 .debug_loc     0x00000000      0x68b common/libcommon.a(miiphyutil.o)
 .debug_pubnames
                0x00000000      0x10d common/libcommon.a(miiphyutil.o)
 .debug_aranges
                0x00000000       0x20 common/libcommon.a(miiphyutil.o)
 .debug_ranges  0x00000000       0x30 common/libcommon.a(miiphyutil.o)
 .debug_str     0x00000000      0x292 common/libcommon.a(miiphyutil.o)
 .comment       0x00000000       0x2b common/libcommon.a(miiphyutil.o)
 .ARM.attributes
                0x00000000       0x31 common/libcommon.a(miiphyutil.o)
 .debug_frame   0x00000000      0x194 common/libcommon.a(miiphyutil.o)
 .debug_abbrev  0x00000000      0x210 common/libcommon.a(stdio.o)
 .debug_info    0x00000000      0x59b common/libcommon.a(stdio.o)
 .debug_line    0x00000000      0x184 common/libcommon.a(stdio.o)
 .debug_loc     0x00000000      0x15e common/libcommon.a(stdio.o)
 .debug_pubnames
                0x00000000       0x96 common/libcommon.a(stdio.o)
 .debug_aranges
                0x00000000       0x20 common/libcommon.a(stdio.o)
 .debug_ranges  0x00000000       0x68 common/libcommon.a(stdio.o)
 .debug_str     0x00000000      0x280 common/libcommon.a(stdio.o)
 .comment       0x00000000       0x2b common/libcommon.a(stdio.o)
 .ARM.attributes
                0x00000000       0x31 common/libcommon.a(stdio.o)
 .debug_frame   0x00000000       0x94 common/libcommon.a(stdio.o)
 .debug_abbrev  0x00000000      0x196 board/emcraft/m2s-som/libm2s-som.a(board.o)
 .debug_info    0x00000000     0x11ee board/emcraft/m2s-som/libm2s-som.a(board.o)
 .debug_line    0x00000000      0x1e1 board/emcraft/m2s-som/libm2s-som.a(board.o)
 .debug_loc     0x00000000       0x51 board/emcraft/m2s-som/libm2s-som.a(board.o)
 .debug_pubnames
                0x00000000       0x68 board/emcraft/m2s-som/libm2s-som.a(board.o)
 .debug_aranges
                0x00000000       0x20 board/emcraft/m2s-som/libm2s-som.a(board.o)
 .debug_str     0x00000000     0x1487 board/emcraft/m2s-som/libm2s-som.a(board.o)
 .comment       0x00000000       0x2b board/emcraft/m2s-som/libm2s-som.a(board.o)
 .ARM.attributes
                0x00000000       0x31 board/emcraft/m2s-som/libm2s-som.a(board.o)
 .debug_frame   0x00000000       0x7c board/emcraft/m2s-som/libm2s-som.a(board.o)
 .debug_abbrev  0x00000000      0x10b lib_generic/libgeneric.a(crc32.o)
 .debug_info    0x00000000      0x266 lib_generic/libgeneric.a(crc32.o)
 .debug_line    0x00000000      0x174 lib_generic/libgeneric.a(crc32.o)
 .debug_loc     0x00000000      0x28d lib_generic/libgeneric.a(crc32.o)
 .debug_pubnames
                0x00000000       0x3b lib_generic/libgeneric.a(crc32.o)
 .debug_aranges
                0x00000000       0x20 lib_generic/libgeneric.a(crc32.o)
 .debug_str     0x00000000      0x14a lib_generic/libgeneric.a(crc32.o)
 .comment       0x00000000       0x2b lib_generic/libgeneric.a(crc32.o)
 .ARM.attributes
                0x00000000       0x31 lib_generic/libgeneric.a(crc32.o)
 .debug_frame   0x00000000       0x58 lib_generic/libgeneric.a(crc32.o)
 .debug_abbrev  0x00000000      0x10f lib_generic/libgeneric.a(display_options.o)
 .debug_info    0x00000000      0x25d lib_generic/libgeneric.a(display_options.o)
 .debug_line    0x00000000      0x1ae lib_generic/libgeneric.a(display_options.o)
 .debug_loc     0x00000000      0x245 lib_generic/libgeneric.a(display_options.o)
 .debug_pubnames
                0x00000000       0x46 lib_generic/libgeneric.a(display_options.o)
 .debug_aranges
                0x00000000       0x20 lib_generic/libgeneric.a(display_options.o)
 .debug_str     0x00000000      0x184 lib_generic/libgeneric.a(display_options.o)
 .comment       0x00000000       0x2b lib_generic/libgeneric.a(display_options.o)
 .ARM.attributes
                0x00000000       0x31 lib_generic/libgeneric.a(display_options.o)
 .debug_frame   0x00000000       0x6c lib_generic/libgeneric.a(display_options.o)
 .debug_abbrev  0x00000000      0x144 lib_generic/libgeneric.a(gunzip.o)
 .debug_info    0x00000000      0x3f2 lib_generic/libgeneric.a(gunzip.o)
 .debug_line    0x00000000       0xd5 lib_generic/libgeneric.a(gunzip.o)
 .debug_loc     0x00000000      0x277 lib_generic/libgeneric.a(gunzip.o)
 .debug_pubnames
                0x00000000       0x3d lib_generic/libgeneric.a(gunzip.o)
 .debug_aranges
                0x00000000       0x20 lib_generic/libgeneric.a(gunzip.o)
 .debug_str     0x00000000      0x1e4 lib_generic/libgeneric.a(gunzip.o)
 .comment       0x00000000       0x2b lib_generic/libgeneric.a(gunzip.o)
 .ARM.attributes
                0x00000000       0x31 lib_generic/libgeneric.a(gunzip.o)
 .debug_frame   0x00000000       0x78 lib_generic/libgeneric.a(gunzip.o)
 .debug_abbrev  0x00000000       0xd9 lib_generic/libgeneric.a(net_utils.o)
 .debug_info    0x00000000      0x12d lib_generic/libgeneric.a(net_utils.o)
 .debug_line    0x00000000      0x158 lib_generic/libgeneric.a(net_utils.o)
 .debug_loc     0x00000000       0x88 lib_generic/libgeneric.a(net_utils.o)
 .debug_pubnames
                0x00000000       0x23 lib_generic/libgeneric.a(net_utils.o)
 .debug_aranges
                0x00000000       0x20 lib_generic/libgeneric.a(net_utils.o)
 .debug_ranges  0x00000000       0x18 lib_generic/libgeneric.a(net_utils.o)
 .debug_str     0x00000000      0x104 lib_generic/libgeneric.a(net_utils.o)
 .comment       0x00000000       0x2b lib_generic/libgeneric.a(net_utils.o)
 .ARM.attributes
                0x00000000       0x31 lib_generic/libgeneric.a(net_utils.o)
 .debug_frame   0x00000000       0x30 lib_generic/libgeneric.a(net_utils.o)
 .debug_abbrev  0x00000000       0x73 lib_generic/libgeneric.a(time.o)
 .debug_info    0x00000000       0xb2 lib_generic/libgeneric.a(time.o)
 .debug_line    0x00000000       0x7b lib_generic/libgeneric.a(time.o)
 .debug_loc     0x00000000       0x3d lib_generic/libgeneric.a(time.o)
 .debug_pubnames
                0x00000000       0x1d lib_generic/libgeneric.a(time.o)
 .debug_aranges
                0x00000000       0x20 lib_generic/libgeneric.a(time.o)
 .debug_str     0x00000000       0xe0 lib_generic/libgeneric.a(time.o)
 .comment       0x00000000       0x2b lib_generic/libgeneric.a(time.o)
 .ARM.attributes
                0x00000000       0x31 lib_generic/libgeneric.a(time.o)
 .debug_frame   0x00000000       0x2c lib_generic/libgeneric.a(time.o)
 .debug_abbrev  0x00000000      0x335 lib_generic/libgeneric.a(vsprintf.o)
 .debug_info    0x00000000      0xc76 lib_generic/libgeneric.a(vsprintf.o)
 .debug_line    0x00000000      0x5cc lib_generic/libgeneric.a(vsprintf.o)
 .debug_loc     0x00000000      0xf02 lib_generic/libgeneric.a(vsprintf.o)
 .debug_pubnames
                0x00000000       0x87 lib_generic/libgeneric.a(vsprintf.o)
 .debug_aranges
                0x00000000       0x20 lib_generic/libgeneric.a(vsprintf.o)
 .debug_ranges  0x00000000      0x2a0 lib_generic/libgeneric.a(vsprintf.o)
 .debug_str     0x00000000      0x2a2 lib_generic/libgeneric.a(vsprintf.o)
 .comment       0x00000000       0x2b lib_generic/libgeneric.a(vsprintf.o)
 .ARM.attributes
                0x00000000       0x31 lib_generic/libgeneric.a(vsprintf.o)
 .debug_frame   0x00000000      0x180 lib_generic/libgeneric.a(vsprintf.o)
 .debug_abbrev  0x00000000      0x2e1 lib_generic/libgeneric.a(zlib.o)
 .debug_info    0x00000000     0x1063 lib_generic/libgeneric.a(zlib.o)
 .debug_line    0x00000000      0x9f4 lib_generic/libgeneric.a(zlib.o)
 .debug_loc     0x00000000     0x339b lib_generic/libgeneric.a(zlib.o)
 .debug_pubnames
                0x00000000       0xb4 lib_generic/libgeneric.a(zlib.o)
 .debug_aranges
                0x00000000       0x20 lib_generic/libgeneric.a(zlib.o)
 .debug_ranges  0x00000000       0x88 lib_generic/libgeneric.a(zlib.o)
 .debug_str     0x00000000      0x588 lib_generic/libgeneric.a(zlib.o)
 .comment       0x00000000       0x2b lib_generic/libgeneric.a(zlib.o)
 .ARM.attributes
                0x00000000       0x31 lib_generic/libgeneric.a(zlib.o)
 .debug_frame   0x00000000      0x12c lib_generic/libgeneric.a(zlib.o)
 .debug_abbrev  0x00000000       0x4b lib_generic/libgeneric.a(ctype.o)
 .debug_info    0x00000000       0x52 lib_generic/libgeneric.a(ctype.o)
 .debug_line    0x00000000       0x28 lib_generic/libgeneric.a(ctype.o)
 .debug_pubnames
                0x00000000       0x1d lib_generic/libgeneric.a(ctype.o)
 .debug_str     0x00000000       0x5b lib_generic/libgeneric.a(ctype.o)
 .comment       0x00000000       0x2b lib_generic/libgeneric.a(ctype.o)
 .ARM.attributes
                0x00000000       0x31 lib_generic/libgeneric.a(ctype.o)
 .debug_abbrev  0x00000000       0x9e lib_generic/libgeneric.a(div64.o)
 .debug_info    0x00000000      0x129 lib_generic/libgeneric.a(div64.o)
 .debug_line    0x00000000       0xd3 lib_generic/libgeneric.a(div64.o)
 .debug_loc     0x00000000      0x135 lib_generic/libgeneric.a(div64.o)
 .debug_pubnames
                0x00000000       0x21 lib_generic/libgeneric.a(div64.o)
 .debug_aranges
                0x00000000       0x20 lib_generic/libgeneric.a(div64.o)
 .debug_str     0x00000000      0x102 lib_generic/libgeneric.a(div64.o)
 .comment       0x00000000       0x2b lib_generic/libgeneric.a(div64.o)
 .ARM.attributes
                0x00000000       0x31 lib_generic/libgeneric.a(div64.o)
 .debug_frame   0x00000000       0x34 lib_generic/libgeneric.a(div64.o)
 .debug_abbrev  0x00000000       0x83 cpu/arm_cortexm3/m2s/libm2s.a(cpu.o)
 .debug_info    0x00000000       0xec cpu/arm_cortexm3/m2s/libm2s.a(cpu.o)
 .debug_line    0x00000000       0x84 cpu/arm_cortexm3/m2s/libm2s.a(cpu.o)
 .debug_loc     0x00000000       0x2c cpu/arm_cortexm3/m2s/libm2s.a(cpu.o)
 .debug_pubnames
                0x00000000       0x24 cpu/arm_cortexm3/m2s/libm2s.a(cpu.o)
 .debug_aranges
                0x00000000       0x20 cpu/arm_cortexm3/m2s/libm2s.a(cpu.o)
 .debug_str     0x00000000      0x13c cpu/arm_cortexm3/m2s/libm2s.a(cpu.o)
 .comment       0x00000000       0x2b cpu/arm_cortexm3/m2s/libm2s.a(cpu.o)
 .ARM.attributes
                0x00000000       0x31 cpu/arm_cortexm3/m2s/libm2s.a(cpu.o)
 .debug_frame   0x00000000       0x30 cpu/arm_cortexm3/m2s/libm2s.a(cpu.o)
 .debug_abbrev  0x00000000      0x227 lib_arm/libarm.a(bootm.o)
 .debug_info    0x00000000      0xa25 lib_arm/libarm.a(bootm.o)
 .debug_line    0x00000000      0x191 lib_arm/libarm.a(bootm.o)
 .debug_loc     0x00000000       0xfd lib_arm/libarm.a(bootm.o)
 .debug_pubnames
                0x00000000       0x2c lib_arm/libarm.a(bootm.o)
 .debug_aranges
                0x00000000       0x20 lib_arm/libarm.a(bootm.o)
 .debug_ranges  0x00000000      0x120 lib_arm/libarm.a(bootm.o)
 .debug_str     0x00000000      0x599 lib_arm/libarm.a(bootm.o)
 .comment       0x00000000       0x2b lib_arm/libarm.a(bootm.o)
 .ARM.attributes
                0x00000000       0x31 lib_arm/libarm.a(bootm.o)
 .debug_frame   0x00000000       0x38 lib_arm/libarm.a(bootm.o)
 .debug_abbrev  0x00000000       0xae lib_arm/libarm.a(reset.o)
 .debug_info    0x00000000      0x167 lib_arm/libarm.a(reset.o)
 .debug_line    0x00000000       0x77 lib_arm/libarm.a(reset.o)
 .debug_loc     0x00000000       0x6b lib_arm/libarm.a(reset.o)
 .debug_pubnames
                0x00000000       0x1f lib_arm/libarm.a(reset.o)
 .debug_aranges
                0x00000000       0x20 lib_arm/libarm.a(reset.o)
 .debug_str     0x00000000      0x11b lib_arm/libarm.a(reset.o)
 .comment       0x00000000       0x2b lib_arm/libarm.a(reset.o)
 .ARM.attributes
                0x00000000       0x31 lib_arm/libarm.a(reset.o)
 .debug_frame   0x00000000       0x28 lib_arm/libarm.a(reset.o)
 .debug_abbrev  0x00000000      0x15e drivers/mtd/spi/libspi_flash.a(spi_flash.o)
 .debug_info    0x00000000      0x4af drivers/mtd/spi/libspi_flash.a(spi_flash.o)
 .debug_line    0x00000000      0x18c drivers/mtd/spi/libspi_flash.a(spi_flash.o)
 .debug_loc     0x00000000      0x450 drivers/mtd/spi/libspi_flash.a(spi_flash.o)
 .debug_pubnames
                0x00000000       0x94 drivers/mtd/spi/libspi_flash.a(spi_flash.o)
 .debug_aranges
                0x00000000       0x20 drivers/mtd/spi/libspi_flash.a(spi_flash.o)
 .debug_str     0x00000000      0x1fa drivers/mtd/spi/libspi_flash.a(spi_flash.o)
 .comment       0x00000000       0x2b drivers/mtd/spi/libspi_flash.a(spi_flash.o)
 .ARM.attributes
                0x00000000       0x31 drivers/mtd/spi/libspi_flash.a(spi_flash.o)
 .debug_frame   0x00000000       0xcc drivers/mtd/spi/libspi_flash.a(spi_flash.o)
 .debug_abbrev  0x00000000      0x22f drivers/mtd/spi/libspi_flash.a(spansion.o)
 .debug_info    0x00000000      0x72c drivers/mtd/spi/libspi_flash.a(spansion.o)
 .debug_line    0x00000000      0x247 drivers/mtd/spi/libspi_flash.a(spansion.o)
 .debug_loc     0x00000000      0x551 drivers/mtd/spi/libspi_flash.a(spansion.o)
 .debug_pubnames
                0x00000000       0x42 drivers/mtd/spi/libspi_flash.a(spansion.o)
 .debug_aranges
                0x00000000       0x20 drivers/mtd/spi/libspi_flash.a(spansion.o)
 .debug_ranges  0x00000000       0xf8 drivers/mtd/spi/libspi_flash.a(spansion.o)
 .debug_str     0x00000000      0x2b0 drivers/mtd/spi/libspi_flash.a(spansion.o)
 .comment       0x00000000       0x2b drivers/mtd/spi/libspi_flash.a(spansion.o)
 .ARM.attributes
                0x00000000       0x31 drivers/mtd/spi/libspi_flash.a(spansion.o)
 .debug_frame   0x00000000       0xc0 drivers/mtd/spi/libspi_flash.a(spansion.o)
 .debug_abbrev  0x00000000      0x1fa drivers/mtd/spi/libspi_flash.a(stmicro.o)
 .debug_info    0x00000000      0x5d5 drivers/mtd/spi/libspi_flash.a(stmicro.o)
 .debug_line    0x00000000      0x284 drivers/mtd/spi/libspi_flash.a(stmicro.o)
 .debug_loc     0x00000000      0x3c2 drivers/mtd/spi/libspi_flash.a(stmicro.o)
 .debug_pubnames
                0x00000000       0x40 drivers/mtd/spi/libspi_flash.a(stmicro.o)
 .debug_aranges
                0x00000000       0x20 drivers/mtd/spi/libspi_flash.a(stmicro.o)
 .debug_ranges  0x00000000       0x28 drivers/mtd/spi/libspi_flash.a(stmicro.o)
 .debug_str     0x00000000      0x265 drivers/mtd/spi/libspi_flash.a(stmicro.o)
 .comment       0x00000000       0x2b drivers/mtd/spi/libspi_flash.a(stmicro.o)
 .ARM.attributes
                0x00000000       0x31 drivers/mtd/spi/libspi_flash.a(stmicro.o)
 .debug_frame   0x00000000       0xc0 drivers/mtd/spi/libspi_flash.a(stmicro.o)
 .debug_abbrev  0x00000000      0x25e drivers/mtd/spi/libspi_flash.a(winbond.o)
 .debug_info    0x00000000      0x679 drivers/mtd/spi/libspi_flash.a(winbond.o)
 .debug_line    0x00000000      0x222 drivers/mtd/spi/libspi_flash.a(winbond.o)
 .debug_loc     0x00000000      0x459 drivers/mtd/spi/libspi_flash.a(winbond.o)
 .debug_pubnames
                0x00000000       0x40 drivers/mtd/spi/libspi_flash.a(winbond.o)
 .debug_aranges
                0x00000000       0x20 drivers/mtd/spi/libspi_flash.a(winbond.o)
 .debug_ranges  0x00000000       0x28 drivers/mtd/spi/libspi_flash.a(winbond.o)
 .debug_str     0x00000000      0x2b8 drivers/mtd/spi/libspi_flash.a(winbond.o)
 .comment       0x00000000       0x2b drivers/mtd/spi/libspi_flash.a(winbond.o)
 .ARM.attributes
                0x00000000       0x31 drivers/mtd/spi/libspi_flash.a(winbond.o)
 .debug_frame   0x00000000       0xdc drivers/mtd/spi/libspi_flash.a(winbond.o)
 .debug_abbrev  0x00000000      0x2cf drivers/net/libnet.a(m2s_eth.o)
 .debug_info    0x00000000      0xc95 drivers/net/libnet.a(m2s_eth.o)
 .debug_line    0x00000000      0x2d3 drivers/net/libnet.a(m2s_eth.o)
 .debug_loc     0x00000000      0x461 drivers/net/libnet.a(m2s_eth.o)
 .debug_pubnames
                0x00000000       0x2a drivers/net/libnet.a(m2s_eth.o)
 .debug_aranges
                0x00000000       0x20 drivers/net/libnet.a(m2s_eth.o)
 .debug_ranges  0x00000000       0x70 drivers/net/libnet.a(m2s_eth.o)
 .debug_str     0x00000000      0x618 drivers/net/libnet.a(m2s_eth.o)
 .comment       0x00000000       0x2b drivers/net/libnet.a(m2s_eth.o)
 .ARM.attributes
                0x00000000       0x31 drivers/net/libnet.a(m2s_eth.o)
 .debug_frame   0x00000000       0xf8 drivers/net/libnet.a(m2s_eth.o)
 .debug_abbrev  0x00000000      0x2c7 drivers/spi/libspi.a(m2s_spi.o)
 .debug_info    0x00000000      0xa83 drivers/spi/libspi.a(m2s_spi.o)
 .debug_line    0x00000000      0x25b drivers/spi/libspi.a(m2s_spi.o)
 .debug_loc     0x00000000      0x3e6 drivers/spi/libspi.a(m2s_spi.o)
 .debug_pubnames
                0x00000000       0x79 drivers/spi/libspi.a(m2s_spi.o)
 .debug_aranges
                0x00000000       0x20 drivers/spi/libspi.a(m2s_spi.o)
 .debug_ranges  0x00000000       0xb8 drivers/spi/libspi.a(m2s_spi.o)
 .debug_str     0x00000000      0x547 drivers/spi/libspi.a(m2s_spi.o)
 .comment       0x00000000       0x2b drivers/spi/libspi.a(m2s_spi.o)
 .ARM.attributes
                0x00000000       0x31 drivers/spi/libspi.a(m2s_spi.o)
 .debug_frame   0x00000000       0xac drivers/spi/libspi.a(m2s_spi.o)
 .debug_abbrev  0x00000000       0x80 lib_generic/libgeneric.a(strmhz.o)
 .debug_info    0x00000000       0xd6 lib_generic/libgeneric.a(strmhz.o)
 .debug_line    0x00000000       0x40 lib_generic/libgeneric.a(strmhz.o)
 .debug_loc     0x00000000       0x6e lib_generic/libgeneric.a(strmhz.o)
 .debug_pubnames
                0x00000000       0x1d lib_generic/libgeneric.a(strmhz.o)
 .debug_aranges
                0x00000000       0x20 lib_generic/libgeneric.a(strmhz.o)
 .debug_str     0x00000000       0xd7 lib_generic/libgeneric.a(strmhz.o)
 .comment       0x00000000       0x2b lib_generic/libgeneric.a(strmhz.o)
 .ARM.attributes
                0x00000000       0x31 lib_generic/libgeneric.a(strmhz.o)
 .debug_frame   0x00000000       0x2c lib_generic/libgeneric.a(strmhz.o)
 .note.GNU-stack
                0x00000000        0x0 /rcu2/release/linux-cortexm-1.11.0/tools/arm-2010q1/bin/../lib/gcc/arm-uclinuxeabi/4.4.1/thumb2/libgcc.a(_aeabi_uldivmod.o)
 .ARM.attributes
                0x00000000       0x1b /rcu2/release/linux-cortexm-1.11.0/tools/arm-2010q1/bin/../lib/gcc/arm-uclinuxeabi/4.4.1/thumb2/libgcc.a(_aeabi_uldivmod.o)
 .ARM.attributes
                0x00000000       0x29 /rcu2/release/linux-cortexm-1.11.0/tools/arm-2010q1/bin/../lib/gcc/arm-uclinuxeabi/4.4.1/thumb2/libgcc.a(bpabi.o)
 .debug_frame   0x00000000       0x50 /rcu2/release/linux-cortexm-1.11.0/tools/arm-2010q1/bin/../lib/gcc/arm-uclinuxeabi/4.4.1/thumb2/libgcc.a(bpabi.o)
 .note.GNU-stack
                0x00000000        0x0 /rcu2/release/linux-cortexm-1.11.0/tools/arm-2010q1/bin/../lib/gcc/arm-uclinuxeabi/4.4.1/thumb2/libgcc.a(_dvmd_tls.o)
 .ARM.attributes
                0x00000000       0x1b /rcu2/release/linux-cortexm-1.11.0/tools/arm-2010q1/bin/../lib/gcc/arm-uclinuxeabi/4.4.1/thumb2/libgcc.a(_dvmd_tls.o)
 .ARM.extab     0x00000000        0x0 /rcu2/release/linux-cortexm-1.11.0/tools/arm-2010q1/bin/../lib/gcc/arm-uclinuxeabi/4.4.1/thumb2/libgcc.a(_divdi3.o)
 .ARM.exidx     0x00000000        0x8 /rcu2/release/linux-cortexm-1.11.0/tools/arm-2010q1/bin/../lib/gcc/arm-uclinuxeabi/4.4.1/thumb2/libgcc.a(_divdi3.o)
 .ARM.attributes
                0x00000000       0x29 /rcu2/release/linux-cortexm-1.11.0/tools/arm-2010q1/bin/../lib/gcc/arm-uclinuxeabi/4.4.1/thumb2/libgcc.a(_divdi3.o)
 .debug_frame   0x00000000       0x3c /rcu2/release/linux-cortexm-1.11.0/tools/arm-2010q1/bin/../lib/gcc/arm-uclinuxeabi/4.4.1/thumb2/libgcc.a(_divdi3.o)
 .ARM.extab     0x00000000        0x0 /rcu2/release/linux-cortexm-1.11.0/tools/arm-2010q1/bin/../lib/gcc/arm-uclinuxeabi/4.4.1/thumb2/libgcc.a(_udivdi3.o)
 .ARM.exidx     0x00000000        0x8 /rcu2/release/linux-cortexm-1.11.0/tools/arm-2010q1/bin/../lib/gcc/arm-uclinuxeabi/4.4.1/thumb2/libgcc.a(_udivdi3.o)
 .ARM.attributes
                0x00000000       0x29 /rcu2/release/linux-cortexm-1.11.0/tools/arm-2010q1/bin/../lib/gcc/arm-uclinuxeabi/4.4.1/thumb2/libgcc.a(_udivdi3.o)
 .debug_frame   0x00000000       0x3c /rcu2/release/linux-cortexm-1.11.0/tools/arm-2010q1/bin/../lib/gcc/arm-uclinuxeabi/4.4.1/thumb2/libgcc.a(_udivdi3.o)
 .note.GNU-stack
                0x00000000        0x0 /rcu2/release/linux-cortexm-1.11.0/tools/arm-2010q1/bin/../lib/gcc/arm-uclinuxeabi/4.4.1/thumb2/libgcc.a(_udivsi3.o)
 .debug_frame   0x00000000       0x20 /rcu2/release/linux-cortexm-1.11.0/tools/arm-2010q1/bin/../lib/gcc/arm-uclinuxeabi/4.4.1/thumb2/libgcc.a(_udivsi3.o)
 .ARM.attributes
                0x00000000       0x1b /rcu2/release/linux-cortexm-1.11.0/tools/arm-2010q1/bin/../lib/gcc/arm-uclinuxeabi/4.4.1/thumb2/libgcc.a(_udivsi3.o)

Memory Configuration

Name             Origin             Length             Attributes
NVM              0x00000000         0x00040000         r
RAM              0x20000000         0x00004000         rw
RAM_BUF          0x20004000         0x00008000         r
MALLOC           0x2000c000         0x00003000         r
STACK            0x2000f000         0x00001000         r
*default*        0x00000000         0xffffffff

Linker script and memory map


.vectors        0x00000000      0x298
 *(.vectors)
 .vectors       0x00000000      0x298 cpu/arm_cortexm3/start.o
                0x00000000                vectors

.kinetis_flash_conf
 *(.kinetis_flash_conf)

.lpc18xx_image_top
 *(.lpc18xx_image_top_text)
 *(.lpc18xx_image_top_data)

.text           0x00000298    0x1144c
 *(.text)
 .text          0x00000298      0x124 cpu/arm_cortexm3/start.o
                0x000002a0                default_isr
                0x00000374                _start
 .text          0x000003bc      0x7e0 lib_generic/libgeneric.a(string.o)
                0x000003bc                strcpy
                0x000003cc                strncpy
                0x00000404                strcat
                0x0000042c                strncat
                0x000004a4                strcmp
                0x000004c4                strncmp
                0x0000053c                strchr
                0x0000055c                strrchr
                0x000005b0                strlen
                0x000005c8                strnlen
                0x00000608                strspn
                0x00000648                strpbrk
                0x00000680                strtok
                0x0000072c                strsep
                0x00000780                strswab
                0x000007b4                memset
                0x00000848                bcopy
                0x00000890                memcpy
                0x0000092c                memmove
                0x000009d0                memcmp
                0x00000a40                memscan
                0x00000a80                strstr
                0x00000b38                memchr
                0x00000b68                strdup
 .text          0x00000b9c       0x84 cpu/arm_cortexm3/libarm_cortexm3.a(cpu.o)
                0x00000b9c                cleanup_before_linux
                0x00000ba0                cortex_m3_irq_vec_get
                0x00000bb0                cortex_m3_mpu_add_region
                0x00000bc0                cortex_m3_mpu_enable
                0x00000bd4                cortex_m3_mpu_full_access
                0x00000bf4                arch_cpu_init
 .text          0x00000c20      0x104 cpu/arm_cortexm3/libarm_cortexm3.a(timer.o)
                0x00000c20                timer_init
                0x00000c50                reset_timer
                0x00000c6c                get_tbclk
                0x00000c74                __udelay
                0x00000cc4                get_timer
 .text          0x00000d24      0x17c cpu/arm_cortexm3/m2s/libm2s.a(clock.o)
                0x00000d24                clock_init
                0x00000e8c                clock_get
 .text          0x00000ea0        0x4 cpu/arm_cortexm3/m2s/libm2s.a(envm.o)
                0x00000ea0                envm_init
 .text          0x00000ea4       0x20 cpu/arm_cortexm3/m2s/libm2s.a(soc.o)
                0x00000ea4                cortex_m3_soc_init
 .text          0x00000ec4      0x19c lib_arm/libarm.a(board.o)
                0x00000ec4                coloured_LED_init
                0x00000ec4                __coloured_LED_init
                0x00000ec8                red_LED_on
                0x00000ec8                __red_LED_on
                0x00000ecc                __red_LED_off
                0x00000ecc                red_LED_off
                0x00000ed0                green_LED_on
                0x00000ed0                __green_LED_on
                0x00000ed4                __green_LED_off
                0x00000ed4                green_LED_off
                0x00000ed8                __yellow_LED_on
                0x00000ed8                yellow_LED_on
                0x00000edc                __yellow_LED_off
                0x00000edc                yellow_LED_off
                0x00000ee0                blue_LED_on
                0x00000ee0                __blue_LED_on
                0x00000ee4                blue_LED_off
                0x00000ee4                __blue_LED_off
                0x00000ee8                hang
                0x00000f6c                start_armboot
 .text          0x00001060      0x1c8 lib_arm/libarm.a(interrupts.o)
                0x00001060                enable_interrupts
                0x00001064                disable_interrupts
                0x00001068                show_regs
                0x0000114c                bad_mode
                0x00001164                do_irq
                0x00001180                do_fiq
                0x0000119c                do_not_used
                0x000011b8                do_data_abort
                0x000011d4                do_prefetch_abort
                0x000011f0                do_software_interrupt
                0x0000120c                do_undefined_instruction
 .text          0x00001228      0x5c0 net/libnet.a(eth.o)
                0x00001228                cpu_eth_init
                0x00001230                eth_get_dev
                0x0000123c                eth_get_dev_by_index
                0x00001284                eth_get_dev_index
                0x000012b8                eth_halt
                0x000012d4                eth_send
                0x000012f4                eth_rx
                0x00001310                eth_get_name
                0x00001328                eth_get_dev_by_name
                0x00001350                eth_set_current
                0x000013b0                eth_try_another
                0x0000141c                eth_register
                0x00001464                eth_setenv_enetaddr
                0x00001488                eth_parse_enetaddr
                0x00001564                eth_getenv_enetaddr
                0x000015a0                eth_getenv_enetaddr_by_index
                0x000015d0                eth_init
                0x00001658                eth_initialize
 .text          0x000017e8      0xc94 net/libnet.a(net.o)
                0x000017f8                NetSetHandler
                0x00001804                NetCksumOk
                0x0000186c                NetCksum
                0x000018c0                copy_filename
                0x00001930                string_to_VLAN
                0x00001958                getenv_VLAN
                0x00001964                NetEthHdrSize
                0x00001990                VLAN_to_string
                0x000019c8                ip_to_string
                0x00001a0c                NetSetEther
                0x00001a84                NetSendPacket
                0x00001a88                NetReceive
                0x00001e20                ArpRequest
                0x00001ed8                NetSetTimeout
                0x00001ef8                NetStartAgain
                0x00001fac                ArpTimeoutCheck
                0x00001ff4                NetSetIP
                0x000020e8                NetSendUDPPacket
                0x000021d4                NetLoop
 .text          0x0000247c      0x120 net/libnet.a(rarp.o)
                0x0000247c                RarpRequest
 .text          0x0000259c      0x674 net/libnet.a(tftp.o)
                0x000026bc                TftpStart
 .text          0x00002c10      0x510 net/libnet.a(bootp.o)
                0x00002c10                BootpRequest
 .text          0x00003120       0xf8 drivers/serial/libserial.a(serial.o)
                0x0000313c                _serial_setbrg
                0x0000315c                serial_setbrg
                0x00003160                _serial_tstc
                0x00003170                serial_tstc
                0x00003174                _serial_getc
                0x0000318c                serial_getc
                0x00003190                _serial_putc_raw
                0x000031a4                serial_putc_raw
                0x000031a8                _serial_putc
                0x000031dc                serial_putc
                0x000031e0                _serial_puts
                0x000031fc                serial_puts
                0x00003200                serial_init
 .text          0x00003218       0xa0 drivers/serial/libserial.a(ns16550.o)
                0x00003218                NS16550_init
                0x0000325c                NS16550_reinit
                0x00003290                NS16550_putc
                0x000032a0                NS16550_getc
                0x000032b0                NS16550_tstc
 .text          0x000032b8      0x8a0 common/libcommon.a(cmd_bootm.o)
                0x000032b8                arch_preboot_os
                0x000032b8                __arch_preboot_os
                0x0000384c                do_bootm_subcommand
                0x00003978                do_bootm
 .text          0x00003b58      0x74c common/libcommon.a(cmd_nvedit.o)
                0x00003b58                get_env_id
                0x00003b64                envmatch
                0x00003ba4                getenv_r
                0x00003c6c                do_saveenv
                0x00003c8c                getenv
                0x00003cf4                _do_setenv
                0x000040b0                do_setenv
                0x000040cc                setenv
                0x000041c0                do_printenv
 .text          0x000042a4      0x470 common/libcommon.a(command.o)
                0x000042a4                cmd_get_data_size
                0x000042e8                cmd_usage
                0x00004300                find_cmd_tbl
                0x0000440c                find_cmd
                0x00004434                _do_help
 .text          0x00004714      0x394 common/libcommon.a(console.o)
                0x0000476c                fgetc
                0x00004788                ftstc
                0x000047a4                fputc
                0x000047c0                fputs
                0x000047dc                disable_ctrlc
                0x000047ec                had_ctrlc
                0x000047f8                clear_ctrlc
                0x00004804                dbg
                0x0000480c                console_init_f
                0x00004818                search_device
                0x00004834                console_assign
                0x0000485c                fprintf
                0x00004888                puts
                0x0000489c                vprintf
                0x000048b8                printf
                0x000048e0                stdio_print_current_devices
                0x00004968                console_init_r
                0x00004a18                serial_printf
                0x00004a40                putc
                0x00004a54                tstc
                0x00004a68                getc
                0x00004a7c                ctrlc
 .text          0x00004aa8      0xbf4 common/libcommon.a(dlmalloc.o)
                0x00004aa8                sbrk
                0x00004ac8                malloc_trim
                0x00004b64                free
                0x00004cf8                cfree
                0x00004cfc                malloc
                0x000051a4                memalign
                0x00005264                pvalloc
                0x00005278                valloc
                0x00005280                malloc_usable_size
                0x000052b0                mallopt
                0x000052f0                calloc
                0x00005380                mem_malloc_init
                0x0000539c                realloc
 .text          0x0000569c       0xf8 common/libcommon.a(env_common.o)
                0x0000569c                env_get_char_memory
                0x000056b4                env_get_addr
                0x000056cc                env_get_char
                0x000056fc                env_crc_update
                0x00005718                set_default_env
                0x0000574c                env_relocate
 .text          0x00005794       0xe8 common/libcommon.a(env_sf.o)
                0x00005794                env_get_char_spec
                0x0000579c                env_init
                0x000057b0                saveenv
                0x00005818                env_relocate_spec
 .text          0x0000587c      0x14c common/libcommon.a(exports.o)
                0x00005880                get_version
                0x00005884                jumptable_init
 .text          0x000059c8      0x808 common/libcommon.a(image.o)
                0x000059c8                image_multi_count
                0x000059dc                get_table_entry_name
                0x00005a04                genimg_get_os_name
                0x00005a2c                genimg_get_arch_name
                0x00005a5c                genimg_get_type_name
                0x00005a8c                genimg_get_comp_name
                0x00005abc                genimg_get_image
                0x00005ac0                genimg_has_config
                0x00005ac4                get_table_entry_id
                0x00005af8                genimg_get_comp_id
                0x00005b08                genimg_get_type_id
                0x00005b18                genimg_get_arch_id
                0x00005b28                genimg_get_os_id
                0x00005b38                genimg_get_format
                0x00005b64                image_multi_getimg
                0x00005c68                genimg_print_size
                0x00005c88                memmove_wd
                0x00005c8c                getenv_bootm_low
                0x00005cb0                getenv_yesno
                0x00005cc8                getenv_bootm_size
                0x00005ce8                image_check_hcrc
                0x00005d2c                image_check_dcrc
                0x00005d78                image_print_contents
                0x00005ffc                boot_get_ramdisk
 .text          0x000061d0      0x7fc common/libcommon.a(main.o)
                0x000061d0                __show_boot_progress
                0x000061d0                show_boot_progress
                0x000061d4                parse_line
                0x00006278                run_command
                0x00006570                do_run
                0x00006740                readline_into_buffer
                0x0000687c                readline
                0x0000688c                main_loop
 .text          0x000069cc      0x454 common/libcommon.a(miiphyutil.o)
                0x000069cc                miiphy_init
                0x000069dc                miiphy_get_current_dev
                0x000069ec                miiphy_is_1000base_x
                0x000069f0                miiphy_listdev
                0x00006a3c                miiphy_write
                0x00006aa0                miiphy_read
                0x00006b04                miiphy_link
                0x00006b40                miiphy_duplex
                0x00006bac                miiphy_speed
                0x00006c18                miiphy_reset
                0x00006ce8                miiphy_info
                0x00006d4c                miiphy_set_current_dev
                0x00006d84                miiphy_register
 .text          0x00006e20      0x100 common/libcommon.a(stdio.o)
                0x00006e20                stdio_get_list
                0x00006e28                stdio_clone
                0x00006e5c                stdio_register
                0x00006e88                stdio_init
                0x00006eec                stdio_get_by_name
 .text          0x00006f20      0x1b8 board/emcraft/m2s-som/libm2s-som.a(board.o)
                0x00006f20                board_init
                0x00006f24                dram_init
                0x000070b8                misc_init_r
                0x000070bc                board_eth_init
                0x000070c0                checkboard
 .text          0x000070d8      0x238 lib_generic/libgeneric.a(crc32.o)
                0x000070d8                crc32_no_comp
                0x00007300                crc32
                0x0000730c                crc32_wd
 .text          0x00007310      0x350 lib_generic/libgeneric.a(display_options.o)
                0x00007310                print_size
                0x00007390                display_options
                0x000073a8                print_buffer
 .text          0x00007660      0x160 lib_generic/libgeneric.a(gunzip.o)
                0x00007660                zunzip
                0x0000771c                gunzip
                0x000077a8                zfree
                0x000077b0                zalloc
 .text          0x000077c0       0x9c lib_generic/libgeneric.a(net_utils.o)
                0x000077c0                string_to_ip
 .text          0x0000785c       0x20 lib_generic/libgeneric.a(time.o)
                0x0000785c                udelay
 *fill*         0x0000787c        0x4 00
 .text          0x00007880     0x11d8 lib_generic/libgeneric.a(vsprintf.o)
                0x00007880                simple_strtoul
                0x0000794c                simple_strtol
                0x00007968                ustrtoul
                0x000079cc                simple_strtoull
                0x00007b90                panic
                0x0000809c                vsprintf
                0x00008a38                sprintf
 .text          0x00008a58     0x34f4 lib_generic/libgeneric.a(zlib.o)
                0x00008a58                inflate_fast
                0x00009084                inflate_table
                0x000098fc                inflateReset
                0x00009950                inflateInit2_
                0x00009a00                inflateInit_
                0x00009a08                inflateEnd
                0x00009a4c                adler32
                0x00009cc8                zcfree
                0x00009cd0                zcalloc
                0x00009cd8                inflate
 .text          0x0000bf4c        0x0 lib_generic/libgeneric.a(ctype.o)
 .text          0x0000bf4c       0xd8 lib_generic/libgeneric.a(div64.o)
                0x0000bf4c                __div64_32
 .text          0x0000c024       0x6c cpu/arm_cortexm3/m2s/libm2s.a(cpu.o)
                0x0000c024                print_cpuinfo
 .text          0x0000c090      0x16c lib_arm/libarm.a(bootm.o)
                0x0000c090                do_bootm_linux
 .text          0x0000c1fc       0x28 lib_arm/libarm.a(reset.o)
                0x0000c1fc                do_reset
 .text          0x0000c224      0x1a8 drivers/mtd/spi/libspi_flash.a(spi_flash.o)
                0x0000c224                spi_flash_free
                0x0000c238                spi_flash_cmd_write
                0x0000c278                spi_flash_cmd_read
                0x0000c2b8                spi_flash_read_common
                0x0000c2e8                spi_flash_cmd
                0x0000c32c                spi_flash_probe
 .text          0x0000c3cc      0x3d8 drivers/mtd/spi/libspi_flash.a(spansion.o)
                0x0000c3cc                spi_flash_probe_spansion
                0x0000c688                spansion_erase
 .text          0x0000c7a4      0x468 drivers/mtd/spi/libspi_flash.a(stmicro.o)
                0x0000c7a4                spi_flash_probe_stmicro
                0x0000c9dc                stmicro_erase
 .text          0x0000cc0c      0x320 drivers/mtd/spi/libspi_flash.a(winbond.o)
                0x0000cc40                spi_flash_probe_winbond
                0x0000ce5c                winbond_erase
 .text          0x0000cf2c      0x6a0 drivers/net/libnet.a(m2s_eth.o)
                0x0000cf58                m2s_eth_driver_init
 .text          0x0000d5cc      0x3f4 drivers/spi/libspi.a(m2s_spi.o)
                0x0000d5cc                spi_init
                0x0000d5d0                spi_claim_bus
                0x0000d680                spi_release_bus
                0x0000d6e0                spi_xfer
                0x0000d928                spi_free_slave
                0x0000d92c                spi_setup_slave
 .text          0x0000d9c0       0x58 lib_generic/libgeneric.a(strmhz.o)
                0x0000d9c0                strmhz
 .text          0x0000da18       0x2c /rcu2/release/linux-cortexm-1.11.0/tools/arm-2010q1/bin/../lib/gcc/arm-uclinuxeabi/4.4.1/thumb2/libgcc.a(_aeabi_uldivmod.o)
                0x0000da18                __aeabi_uldivmod
 .text          0x0000da44       0x58 /rcu2/release/linux-cortexm-1.11.0/tools/arm-2010q1/bin/../lib/gcc/arm-uclinuxeabi/4.4.1/thumb2/libgcc.a(bpabi.o)
                0x0000da44                __gnu_uldivmod_helper
                0x0000da70                __gnu_ldivmod_helper
 .text          0x0000da9c        0x4 /rcu2/release/linux-cortexm-1.11.0/tools/arm-2010q1/bin/../lib/gcc/arm-uclinuxeabi/4.4.1/thumb2/libgcc.a(_dvmd_tls.o)
                0x0000da9c                __aeabi_ldiv0
                0x0000da9c                __aeabi_idiv0
 .text          0x0000daa0      0x364 /rcu2/release/linux-cortexm-1.11.0/tools/arm-2010q1/bin/../lib/gcc/arm-uclinuxeabi/4.4.1/thumb2/libgcc.a(_divdi3.o)
                0x0000daa0                __divdi3
 .text          0x0000de04      0x300 /rcu2/release/linux-cortexm-1.11.0/tools/arm-2010q1/bin/../lib/gcc/arm-uclinuxeabi/4.4.1/thumb2/libgcc.a(_udivdi3.o)
                0x0000de04                __udivdi3
 *fill*         0x0000e104        0x4 00
 .text          0x0000e108      0x278 /rcu2/release/linux-cortexm-1.11.0/tools/arm-2010q1/bin/../lib/gcc/arm-uclinuxeabi/4.4.1/thumb2/libgcc.a(_udivsi3.o)
                0x0000e108                __udivsi3
                0x0000e108                __aeabi_uidiv
                0x0000e364                __aeabi_uidivmod
 *(.rodata*)
 .rodata        0x0000e380       0x40 cpu/arm_cortexm3/start.o
 .rodata.str1.4
                0x0000e3c0       0xc0 cpu/arm_cortexm3/start.o
                                 0xc8 (size before relaxing)
 .rodata        0x0000e480       0x1c cpu/arm_cortexm3/m2s/libm2s.a(clock.o)
 .rodata        0x0000e49c       0x40 lib_arm/libarm.a(board.o)
                0x0000e49c                version_string
 .rodata.str1.4
                0x0000e4dc       0x70 lib_arm/libarm.a(board.o)
                                 0x74 (size before relaxing)
 .rodata        0x0000e54c       0x80 lib_arm/libarm.a(interrupts.o)
 .rodata.str1.4
                0x0000e5cc      0x297 lib_arm/libarm.a(interrupts.o)
                                0x29c (size before relaxing)
 *fill*         0x0000e863        0x1 00
 .rodata        0x0000e864        0x8 net/libnet.a(eth.o)
 .rodata.str1.4
                0x0000e86c       0xd4 net/libnet.a(eth.o)
                                 0xd8 (size before relaxing)
 .rodata        0x0000e940        0x8 net/libnet.a(net.o)
 .rodata.str1.4
                0x0000e948      0x20d net/libnet.a(net.o)
                                0x214 (size before relaxing)
 *fill*         0x0000eb55        0x3 00
 .rodata.str1.4
                0x0000eb58       0x47 net/libnet.a(rarp.o)
                                 0x48 (size before relaxing)
 *fill*         0x0000eb9f        0x1 00
 .rodata.str1.4
                0x0000eba0      0x239 net/libnet.a(tftp.o)
                                0x270 (size before relaxing)
 *fill*         0x0000edd9        0x3 00
 .rodata.str1.4
                0x0000eddc       0x74 net/libnet.a(bootp.o)
                                 0xb4 (size before relaxing)
 .rodata        0x0000ee50       0x10 drivers/serial/libserial.a(serial.o)
 .rodata        0x0000ee60       0x4c common/libcommon.a(cmd_bootm.o)
 .rodata.str1.4
                0x0000eeac      0x477 common/libcommon.a(cmd_bootm.o)
                                0x498 (size before relaxing)
 *fill*         0x0000f323        0x1 00
 .rodata.str1.4
                0x0000f324      0x200 common/libcommon.a(cmd_nvedit.o)
                                0x234 (size before relaxing)
 .rodata        0x0000f524       0x58 common/libcommon.a(command.o)
 .rodata.str1.4
                0x0000f57c       0x6d common/libcommon.a(command.o)
                                 0x70 (size before relaxing)
 *fill*         0x0000f5e9        0x3 00
 .rodata.str1.4
                0x0000f5ec       0x75 common/libcommon.a(console.o)
                                 0x7c (size before relaxing)
 *fill*         0x0000f661        0x3 00
 .rodata.str1.4
                0x0000f664       0x33 common/libcommon.a(env_common.o)
                                 0x34 (size before relaxing)
 *fill*         0x0000f697        0x1 00
 .rodata.str1.4
                0x0000f698       0x6a common/libcommon.a(env_sf.o)
                                 0xa0 (size before relaxing)
 *fill*         0x0000f702        0x2 00
 .rodata.str1.4
                0x0000f704      0x4ff common/libcommon.a(image.o)
                                0x588 (size before relaxing)
 *fill*         0x0000fc03        0x1 00
 .rodata.str1.4
                0x0000fc04       0xc1 common/libcommon.a(main.o)
                                 0xe0 (size before relaxing)
 *fill*         0x0000fcc5        0x3 00
 .rodata.str1.4
                0x0000fcc8      0x17a common/libcommon.a(miiphyutil.o)
                                0x180 (size before relaxing)
 *fill*         0x0000fe42        0x2 00
 .rodata.str1.4
                0x0000fe44        0x7 common/libcommon.a(stdio.o)
                                 0x20 (size before relaxing)
 *fill*         0x0000fe4b        0x1 00
 .rodata.str1.4
                0x0000fe4c       0x2b board/emcraft/m2s-som/libm2s-som.a(board.o)
                                 0x2c (size before relaxing)
 *fill*         0x0000fe77        0x1 00
 .rodata        0x0000fe78      0x400 lib_generic/libgeneric.a(crc32.o)
 .rodata.str1.4
                0x00010278       0x36 lib_generic/libgeneric.a(display_options.o)
                                 0x48 (size before relaxing)
 *fill*         0x000102ae        0x2 00
 .rodata.str1.4
                0x000102b0       0x8d lib_generic/libgeneric.a(gunzip.o)
                                 0x90 (size before relaxing)
 *fill*         0x0001033d        0x3 00
 .rodata        0x00010340       0x24 lib_generic/libgeneric.a(vsprintf.o)
                0x00010350                hex_asc
 .rodata.str1.4
                0x00010364        0xf lib_generic/libgeneric.a(vsprintf.o)
                                 0x10 (size before relaxing)
 *fill*         0x00010373        0x1 00
 .rodata        0x00010374      0x9d0 lib_generic/libgeneric.a(zlib.o)
                0x00010d1c                z_errmsg
 .rodata.str1.4
                0x00010d44      0x23d lib_generic/libgeneric.a(zlib.o)
                                0x244 (size before relaxing)
 *fill*         0x00010f81        0x3 00
 .rodata.str1.4
                0x00010f84       0x64 cpu/arm_cortexm3/m2s/libm2s.a(cpu.o)
 .rodata.str1.4
                0x00010fe8       0x5b lib_arm/libarm.a(bootm.o)
                                 0x70 (size before relaxing)
 *fill*         0x00011043        0x1 00
 .rodata.str1.4
                0x00011044       0x1f lib_arm/libarm.a(reset.o)
                                 0x20 (size before relaxing)
 *fill*         0x00011063        0x1 00
 .rodata.str1.4
                0x00011064       0x29 drivers/mtd/spi/libspi_flash.a(spi_flash.o)
                                 0x2c (size before relaxing)
 *fill*         0x0001108d        0x3 00
 .rodata.str1.4
                0x00011090      0x10e drivers/mtd/spi/libspi_flash.a(spansion.o)
                                0x110 (size before relaxing)
 *fill*         0x0001119e        0x2 00
 .rodata        0x000111a0       0x54 drivers/mtd/spi/libspi_flash.a(stmicro.o)
 .rodata.str1.4
                0x000111f4      0x1b4 drivers/mtd/spi/libspi_flash.a(stmicro.o)
                                0x1f0 (size before relaxing)
 .rodata        0x000113a8       0x30 drivers/mtd/spi/libspi_flash.a(winbond.o)
 .rodata.str1.4
                0x000113d8       0xbf drivers/mtd/spi/libspi_flash.a(winbond.o)
                                 0xfc (size before relaxing)
 *fill*         0x00011497        0x1 00
 .rodata        0x00011498       0x78 drivers/net/libnet.a(m2s_eth.o)
 .rodata.str1.4
                0x00011510      0x1c6 drivers/net/libnet.a(m2s_eth.o)
                                0x1cc (size before relaxing)
 *fill*         0x000116d6        0x2 00
 .rodata.str1.4
                0x000116d8        0xc lib_generic/libgeneric.a(strmhz.o)

.data           0x20000000      0xde8 load address 0x000116e4
                0x20000000                _data_start = .
                0x000116e4                _data_lma_start = LOADADDR (.data)
 *(.data)
 .data          0x20000000        0x0 cpu/arm_cortexm3/start.o
 .data          0x20000000        0x0 lib_generic/libgeneric.a(string.o)
 .data          0x20000000        0x0 cpu/arm_cortexm3/libarm_cortexm3.a(cpu.o)
 .data          0x20000000        0x0 cpu/arm_cortexm3/libarm_cortexm3.a(timer.o)
 .data          0x20000000        0x0 cpu/arm_cortexm3/m2s/libm2s.a(clock.o)
 .data          0x20000000        0x0 cpu/arm_cortexm3/m2s/libm2s.a(envm.o)
 .data          0x20000000        0x0 cpu/arm_cortexm3/m2s/libm2s.a(soc.o)
 .data          0x20000000       0x30 lib_arm/libarm.a(board.o)
                0x20000000                init_sequence
 .data          0x20000030        0x0 lib_arm/libarm.a(interrupts.o)
 .data          0x20000030        0x0 net/libnet.a(eth.o)
 .data          0x20000030        0xc net/libnet.a(net.o)
                0x20000030                NetOurVLAN
                0x20000032                NetOurNativeVLAN
                0x20000034                NetBcastAddr
 .data          0x2000003c        0x0 net/libnet.a(rarp.o)
 .data          0x2000003c       0x18 net/libnet.a(tftp.o)
                0x20000048                TftpRRQTimeoutCountMax
                0x20000050                TftpRRQTimeoutMSecs
 .data          0x20000054        0x0 net/libnet.a(bootp.o)
 .data          0x20000054        0x0 drivers/serial/libserial.a(serial.o)
 .data          0x20000054        0x0 drivers/serial/libserial.a(ns16550.o)
 .data          0x20000054       0x7c common/libcommon.a(cmd_bootm.o)
                0x20000054                load_addr
                0x20000058                cmd_bootm_sub
 .data          0x200000d0        0x4 common/libcommon.a(cmd_nvedit.o)
 .data          0x200000d4        0x0 common/libcommon.a(command.o)
 .data          0x200000d4        0x0 common/libcommon.a(console.o)
 .data          0x200000d4      0x414 common/libcommon.a(dlmalloc.o)
 .data          0x200004e8      0x2c0 common/libcommon.a(env_common.o)
                0x200004e8                default_environment
 .data          0x200007a8        0x4 common/libcommon.a(env_sf.o)
                0x200007a8                env_name_spec
 .data          0x200007ac        0x0 common/libcommon.a(exports.o)
 .data          0x200007ac      0x210 common/libcommon.a(image.o)
 .data          0x200009bc       0x10 common/libcommon.a(main.o)
 .data          0x200009cc        0x0 common/libcommon.a(miiphyutil.o)
 .data          0x200009cc        0xc common/libcommon.a(stdio.o)
                0x200009cc                stdio_names
 .data          0x200009d8        0x0 board/emcraft/m2s-som/libm2s-som.a(board.o)
 .data          0x200009d8        0x0 lib_generic/libgeneric.a(crc32.o)
 .data          0x200009d8        0x0 lib_generic/libgeneric.a(display_options.o)
 .data          0x200009d8        0x0 lib_generic/libgeneric.a(gunzip.o)
 .data          0x200009d8        0x0 lib_generic/libgeneric.a(net_utils.o)
 .data          0x200009d8        0x0 lib_generic/libgeneric.a(time.o)
 .data          0x200009d8        0x0 lib_generic/libgeneric.a(vsprintf.o)
 .data          0x200009d8        0x0 lib_generic/libgeneric.a(zlib.o)
 .data          0x200009d8      0x100 lib_generic/libgeneric.a(ctype.o)
                0x200009d8                _ctype
 .data          0x20000ad8        0x0 lib_generic/libgeneric.a(div64.o)
 .data          0x20000ad8        0x0 cpu/arm_cortexm3/m2s/libm2s.a(cpu.o)
 .data          0x20000ad8        0x0 lib_arm/libarm.a(bootm.o)
 .data          0x20000ad8        0x0 lib_arm/libarm.a(reset.o)
 .data          0x20000ad8        0x0 drivers/mtd/spi/libspi_flash.a(spi_flash.o)
 .data          0x20000ad8      0x100 drivers/mtd/spi/libspi_flash.a(spansion.o)
 .data          0x20000bd8        0x0 drivers/mtd/spi/libspi_flash.a(stmicro.o)
 .data          0x20000bd8        0x0 drivers/mtd/spi/libspi_flash.a(winbond.o)
 .data          0x20000bd8       0x3c drivers/net/libnet.a(m2s_eth.o)
 .data          0x20000c14        0x0 drivers/spi/libspi.a(m2s_spi.o)
 .data          0x20000c14        0x0 lib_generic/libgeneric.a(strmhz.o)
 .data          0x20000c14        0x0 /rcu2/release/linux-cortexm-1.11.0/tools/arm-2010q1/bin/../lib/gcc/arm-uclinuxeabi/4.4.1/thumb2/libgcc.a(_aeabi_uldivmod.o)
 .data          0x20000c14        0x0 /rcu2/release/linux-cortexm-1.11.0/tools/arm-2010q1/bin/../lib/gcc/arm-uclinuxeabi/4.4.1/thumb2/libgcc.a(bpabi.o)
 .data          0x20000c14        0x0 /rcu2/release/linux-cortexm-1.11.0/tools/arm-2010q1/bin/../lib/gcc/arm-uclinuxeabi/4.4.1/thumb2/libgcc.a(_dvmd_tls.o)
 .data          0x20000c14        0x0 /rcu2/release/linux-cortexm-1.11.0/tools/arm-2010q1/bin/../lib/gcc/arm-uclinuxeabi/4.4.1/thumb2/libgcc.a(_divdi3.o)
 .data          0x20000c14        0x0 /rcu2/release/linux-cortexm-1.11.0/tools/arm-2010q1/bin/../lib/gcc/arm-uclinuxeabi/4.4.1/thumb2/libgcc.a(_udivdi3.o)
 .data          0x20000c14        0x0 /rcu2/release/linux-cortexm-1.11.0/tools/arm-2010q1/bin/../lib/gcc/arm-uclinuxeabi/4.4.1/thumb2/libgcc.a(_udivsi3.o)
                0x20000c14                . = ALIGN (0x4)
 *(.ramcode)
 .ramcode       0x20000c14       0x20 cpu/arm_cortexm3/libarm_cortexm3.a(cpu.o)
                0x20000c14                reset_cpu
 .ramcode       0x20000c34      0x1a4 cpu/arm_cortexm3/m2s/libm2s.a(envm.o)
                0x20000c34                envm_write_page_part
                0x20000ca8                envm_write
 .ramcode.stub  0x20000dd8       0x10 linker stubs
                0x20000de8                _data_end = .

.u_boot_cmd     0x000124cc       0x64
                0x000124cc                . = ALIGN (0x4)
                0x000124cc                __u_boot_cmd_start = .
 *(.u_boot_cmd)
 .u_boot_cmd    0x000124cc       0x14 common/libcommon.a(cmd_bootm.o)
                0x000124cc                __u_boot_cmd_bootm
 .u_boot_cmd    0x000124e0       0x50 common/libcommon.a(cmd_nvedit.o)
                0x000124e0                __u_boot_cmd_saveenv
                0x000124f4                __u_boot_cmd_printenv
                0x00012508                __u_boot_cmd_setenv
                0x0001251c                __u_boot_cmd_run
                0x00012530                __u_boot_cmd_end = .

.bss            0x20000de8     0x2bcc
                0x20000de8                _bss_start = .
 *(.bss)
 .bss           0x20000de8        0x4 cpu/arm_cortexm3/start.o
                0x20000de8                _armboot_start
 .bss           0x20000dec        0x4 lib_generic/libgeneric.a(string.o)
                0x20000dec                ___strtok
 .bss           0x20000df0        0x0 cpu/arm_cortexm3/libarm_cortexm3.a(cpu.o)
 .bss           0x20000df0       0x10 cpu/arm_cortexm3/libarm_cortexm3.a(timer.o)
 .bss           0x20000e00       0x18 cpu/arm_cortexm3/m2s/libm2s.a(clock.o)
 .bss           0x20000e18        0x0 cpu/arm_cortexm3/m2s/libm2s.a(envm.o)
 .bss           0x20000e18        0x0 cpu/arm_cortexm3/m2s/libm2s.a(soc.o)
 .bss           0x20000e18        0x4 lib_arm/libarm.a(board.o)
                0x20000e18                monitor_flash_len
 .bss           0x20000e1c        0x0 lib_arm/libarm.a(interrupts.o)
 .bss           0x20000e1c       0x14 net/libnet.a(eth.o)
 .bss           0x20000e30     0x19d0 net/libnet.a(net.o)
                0x20000e30                NetState
                0x20000e38                NetOurEther
                0x20000e40                NetRxPacket
                0x20000e44                NetRxPacketLen
                0x20000e48                NetOurIP
                0x20000e4c                NetArpWaitPacketIP
                0x20000e50                NetArpWaitPacketMAC
                0x20000e54                NetArpWaitReplyIP
                0x20000e58                NetArpWaitTxPacket
                0x20000e5c                NetArpWaitTxPacketSize
                0x20000e60                NetServerIP
                0x20000e64                NetServerEther
                0x20000e6c                NetTxPacket
                0x20000e70                NetOurSubnetMask
                0x20000e74                NetOurGatewayIP
                0x20000e8c                NetRestartWrap
                0x20000e94                NetArpWaitTimerStart
                0x20000e98                NetArpWaitTry
                0x20000e9c                NetIPID
                0x20000ea0                NetEtherNullAddr
                0x20000ea8                PktBuf
                0x200020c8                NetRxPackets
                0x200020d0                NetArpWaitPacketBuf
                0x200026f4                NetBootFileXferSize
                0x200026f8                NetOurDNSIP
                0x200026fc                NetOurNISDomain
                0x2000271c                NetOurHostName
                0x2000273c                NetOurRootPath
                0x2000277c                NetBootFileSize
                0x20002780                BootFile
 .bss           0x20002800        0x4 net/libnet.a(rarp.o)
                0x20002800                RarpTry
 .bss           0x20002804       0xb4 net/libnet.a(tftp.o)
 .bss           0x200028b8        0x8 net/libnet.a(bootp.o)
                0x200028b8                BootpTry
                0x200028bc                BootpID
 .bss           0x200028c0        0x0 drivers/serial/libserial.a(serial.o)
 .bss           0x200028c0        0x0 drivers/serial/libserial.a(ns16550.o)
 .bss           0x200028c0       0x8c common/libcommon.a(cmd_bootm.o)
 .bss           0x2000294c        0x0 common/libcommon.a(cmd_nvedit.o)
 .bss           0x2000294c        0x0 common/libcommon.a(command.o)
 .bss           0x2000294c        0x8 common/libcommon.a(console.o)
 .bss           0x20002954       0x44 common/libcommon.a(dlmalloc.o)
                0x20002954                mem_malloc_brk
                0x20002958                mem_malloc_start
                0x2000295c                mem_malloc_end
 .bss           0x20002998        0x0 common/libcommon.a(env_common.o)
 .bss           0x20002998        0x8 common/libcommon.a(env_sf.o)
                0x2000299c                env_ptr
 .bss           0x200029a0        0x0 common/libcommon.a(exports.o)
 .bss           0x200029a0        0x0 common/libcommon.a(image.o)
 .bss           0x200029a0      0x200 common/libcommon.a(main.o)
                0x200029a0                console_buffer
 .bss           0x20002ba0        0xc common/libcommon.a(miiphyutil.o)
 .bss           0x20002bac       0x48 common/libcommon.a(stdio.o)
                0x20002be8                stdio_devices
 .bss           0x20002bf4        0x0 board/emcraft/m2s-som/libm2s-som.a(board.o)
 .bss           0x20002bf4        0x0 lib_generic/libgeneric.a(crc32.o)
 .bss           0x20002bf4        0x0 lib_generic/libgeneric.a(display_options.o)
 .bss           0x20002bf4        0x0 lib_generic/libgeneric.a(gunzip.o)
 .bss           0x20002bf4        0x0 lib_generic/libgeneric.a(net_utils.o)
 .bss           0x20002bf4        0x0 lib_generic/libgeneric.a(time.o)
 .bss           0x20002bf4        0x0 lib_generic/libgeneric.a(vsprintf.o)
 .bss           0x20002bf4        0x0 lib_generic/libgeneric.a(zlib.o)
 .bss           0x20002bf4        0x0 lib_generic/libgeneric.a(ctype.o)
 .bss           0x20002bf4        0x0 lib_generic/libgeneric.a(div64.o)
 .bss           0x20002bf4        0x0 cpu/arm_cortexm3/m2s/libm2s.a(cpu.o)
 .bss           0x20002bf4        0x4 lib_arm/libarm.a(bootm.o)
 .bss           0x20002bf8        0x0 lib_arm/libarm.a(reset.o)
 .bss           0x20002bf8        0x0 drivers/mtd/spi/libspi_flash.a(spi_flash.o)
 .bss           0x20002bf8        0x0 drivers/mtd/spi/libspi_flash.a(spansion.o)
 .bss           0x20002bf8        0x0 drivers/mtd/spi/libspi_flash.a(stmicro.o)
 .bss           0x20002bf8        0x0 drivers/mtd/spi/libspi_flash.a(winbond.o)
 .bss           0x20002bf8      0xc2c drivers/net/libnet.a(m2s_eth.o)
 .bss           0x20003824      0x190 drivers/spi/libspi.a(m2s_spi.o)
 .bss           0x200039b4        0x0 lib_generic/libgeneric.a(strmhz.o)
 .bss           0x200039b4        0x0 /rcu2/release/linux-cortexm-1.11.0/tools/arm-2010q1/bin/../lib/gcc/arm-uclinuxeabi/4.4.1/thumb2/libgcc.a(_aeabi_uldivmod.o)
 .bss           0x200039b4        0x0 /rcu2/release/linux-cortexm-1.11.0/tools/arm-2010q1/bin/../lib/gcc/arm-uclinuxeabi/4.4.1/thumb2/libgcc.a(bpabi.o)
 .bss           0x200039b4        0x0 /rcu2/release/linux-cortexm-1.11.0/tools/arm-2010q1/bin/../lib/gcc/arm-uclinuxeabi/4.4.1/thumb2/libgcc.a(_dvmd_tls.o)
 .bss           0x200039b4        0x0 /rcu2/release/linux-cortexm-1.11.0/tools/arm-2010q1/bin/../lib/gcc/arm-uclinuxeabi/4.4.1/thumb2/libgcc.a(_divdi3.o)
 .bss           0x200039b4        0x0 /rcu2/release/linux-cortexm-1.11.0/tools/arm-2010q1/bin/../lib/gcc/arm-uclinuxeabi/4.4.1/thumb2/libgcc.a(_udivdi3.o)
 .bss           0x200039b4        0x0 /rcu2/release/linux-cortexm-1.11.0/tools/arm-2010q1/bin/../lib/gcc/arm-uclinuxeabi/4.4.1/thumb2/libgcc.a(_udivsi3.o)
 *(COMMON)
                0x200039b4                _bss_end = .

.stack
 *(.stack)

/DISCARD/
 *(*)
                0x00000000                _mem_nvm_base = 0x0
                0x00040000                _mem_nvm_size = 0x40000
                0x20000000                _mem_ram_base = 0x20000000
                0x00004000                _mem_ram_size = 0x4000
                0x20004000                _mem_ram_buf_base = 0x20004000
                0x00008000                _mem_ram_buf_size = 0x8000
                0x2000c000                _mem_malloc_base = 0x2000c000
                0x00003000                _mem_malloc_size = 0x3000
                0x2000f000                _mem_stack_base = 0x2000f000
                0x00001000                _mem_stack_size = 0x1000
                0x20010000                _mem_stack_end = 0x20010000
LOAD cpu/arm_cortexm3/start.o
START GROUP
LOAD lib_generic/libgeneric.a
LOAD lib_generic/lzma/liblzma.a
LOAD lib_generic/lzo/liblzo.a
LOAD cpu/arm_cortexm3/libarm_cortexm3.a
LOAD cpu/arm_cortexm3/m2s/libm2s.a
LOAD lib_arm/libarm.a
LOAD fs/cramfs/libcramfs.a
LOAD fs/fat/libfat.a
LOAD fs/fdos/libfdos.a
LOAD fs/jffs2/libjffs2.a
LOAD fs/reiserfs/libreiserfs.a
LOAD fs/ext2/libext2fs.a
LOAD fs/yaffs2/libyaffs2.a
LOAD fs/ubifs/libubifs.a
LOAD net/libnet.a
LOAD disk/libdisk.a
LOAD drivers/bios_emulator/libatibiosemu.a
LOAD drivers/block/libblock.a
LOAD drivers/dma/libdma.a
LOAD drivers/fpga/libfpga.a
LOAD drivers/gpio/libgpio.a
LOAD drivers/hwmon/libhwmon.a
LOAD drivers/i2c/libi2c.a
LOAD drivers/input/libinput.a
LOAD drivers/misc/libmisc.a
LOAD drivers/mmc/libmmc.a
LOAD drivers/mtd/libmtd.a
LOAD drivers/mtd/nand/libnand.a
LOAD drivers/mtd/onenand/libonenand.a
LOAD drivers/mtd/ubi/libubi.a
LOAD drivers/mtd/spi/libspi_flash.a
LOAD drivers/net/libnet.a
LOAD drivers/net/phy/libphy.a
LOAD drivers/pci/libpci.a
LOAD drivers/pcmcia/libpcmcia.a
LOAD drivers/power/libpower.a
LOAD drivers/spi/libspi.a
LOAD drivers/rtc/librtc.a
LOAD drivers/serial/libserial.a
LOAD drivers/twserial/libtws.a
LOAD drivers/usb/gadget/libusb_gadget.a
LOAD drivers/usb/host/libusb_host.a
LOAD drivers/usb/musb/libusb_musb.a
LOAD drivers/usb/phy/libusb_phy.a
LOAD drivers/video/libvideo.a
LOAD drivers/watchdog/libwatchdog.a
LOAD common/libcommon.a
LOAD libfdt/libfdt.a
LOAD api/libapi.a
LOAD post/libpost.a
LOAD board/emcraft/m2s-som/libm2s-som.a
END GROUP
LOAD /rcu2/release/linux-cortexm-1.11.0/tools/arm-2010q1/bin/../lib/gcc/arm-uclinuxeabi/4.4.1/thumb2/libgcc.a
OUTPUT(examples/standalone/hello_world elf32-littlearm)
